../Core/Src/main.c:246:5:main	8	static
../Core/Src/main.c:369:6:SystemClock_Config	88	static
../Core/Src/main.c:411:13:MX_I2C1_Init	8	static
../Core/Src/main.c:445:13:MX_TIM1_Init	80	static
../Core/Src/main.c:509:13:MX_TIM2_Init	56	static
../Core/Src/main.c:558:13:MX_TIM4_Init	56	static
../Core/Src/main.c:607:13:MX_TIM8_Init	80	static
../Core/Src/main.c:676:13:MX_USART3_UART_Init	8	static
../Core/Src/main.c:709:13:MX_GPIO_Init	56	static
../Core/Src/main.c:778:6:Start_RPI_Comm	8	static
../Core/Src/main.c:782:6:SendMsg_RPI	16	static
../Core/Src/main.c:786:6:HAL_UART_RxCpltCallback	96	static
../Core/Src/main.c:851:6:turnLeft	4	static
../Core/Src/main.c:855:6:turnRight	4	static
../Core/Src/main.c:859:6:offsetLeft	4	static
../Core/Src/main.c:863:6:offsetRight	4	static
../Core/Src/main.c:867:6:faceFront	4	static
../Core/Src/main.c:871:6:setLeftPWM	16	static
../Core/Src/main.c:874:6:setRightPWM	16	static
../Core/Src/main.c:877:6:setMotorForward	8	static
../Core/Src/main.c:886:6:setMotorBackward	8	static
../Core/Src/main.c:895:6:motorStop	8	static
../Core/Src/main.c:905:6:moveMotor	16	static
../Core/Src/main.c:918:6:TriggerPulse	8	static
../Core/Src/main.c:928:10:MeasureEchoTime	16	static
../Core/Src/main.c:943:7:CalculateDistance	16	static
../Core/Src/main.c:951:10:getEncoderDelta	24	static
../Core/Src/main.c:975:6:CalibrateGyroZOffset	1056	static
../Core/Src/main.c:1002:7:normalizeAngle	16	static
../Core/Src/main.c:1019:6:StartDefaultTask	24	static
../Core/Src/main.c:1046:6:commandTask	24	static
../Core/Src/main.c:1206:6:imuTask	56	static
../Core/Src/main.c:1258:6:pidTask	64	static
../Core/Src/main.c:1394:6:Ultrasonic_Task	24	static
../Core/Src/main.c:1425:6:Heading_PID	96	static
../Core/Src/main.c:1525:6:Error_Handler	4	static,ignoring_inline_asm
