../Core/Src/main.c:237:5:main	8	static
../Core/Src/main.c:354:6:SystemClock_Config	88	static
../Core/Src/main.c:396:13:MX_I2C1_Init	8	static
../Core/Src/main.c:430:13:MX_TIM1_Init	80	static
../Core/Src/main.c:494:13:MX_TIM2_Init	56	static
../Core/Src/main.c:543:13:MX_TIM3_Init	56	static
../Core/Src/main.c:592:13:MX_TIM8_Init	80	static
../Core/Src/main.c:661:13:MX_USART3_UART_Init	8	static
../Core/Src/main.c:694:13:MX_GPIO_Init	56	static
../Core/Src/main.c:753:6:Start_RPI_Comm	8	static
../Core/Src/main.c:757:6:SendMsg_RPI	16	static
../Core/Src/main.c:761:6:HAL_UART_RxCpltCallback	96	static
../Core/Src/main.c:827:6:turnLeft	4	static
../Core/Src/main.c:831:6:turnRight	4	static
../Core/Src/main.c:835:6:offsetLeft	4	static
../Core/Src/main.c:839:6:offsetRight	4	static
../Core/Src/main.c:843:6:faceFront	4	static
../Core/Src/main.c:847:6:setLeftPWM	16	static
../Core/Src/main.c:850:6:setRightPWM	16	static
../Core/Src/main.c:853:6:setMotorForward	8	static
../Core/Src/main.c:862:6:setMotorBackward	8	static
../Core/Src/main.c:871:6:motorStop	8	static
../Core/Src/main.c:881:6:moveMotor	16	static
../Core/Src/main.c:894:6:TriggerPulse	8	static
../Core/Src/main.c:904:10:MeasureEchoTime	16	static
../Core/Src/main.c:919:7:CalculateDistance	16	static
../Core/Src/main.c:927:10:getEncoderDelta	24	static
../Core/Src/main.c:951:6:CalibrateGyroZOffset	48	static
../Core/Src/main.c:980:6:StartDefaultTask	24	static
../Core/Src/main.c:1007:6:oledTask	16	static
../Core/Src/main.c:1025:6:commandTask	48	static
../Core/Src/main.c:1183:6:imuTask	56	static
../Core/Src/main.c:1245:6:pidTask	64	static
../Core/Src/main.c:1373:6:Ultrasonic_Task	24	static
../Core/Src/main.c:1401:6:Error_Handler	4	static,ignoring_inline_asm
