../Core/Src/main.c:257:5:main	8	static
../Core/Src/main.c:384:6:SystemClock_Config	88	static
../Core/Src/main.c:426:13:MX_ADC1_Init	24	static
../Core/Src/main.c:478:13:MX_I2C1_Init	8	static
../Core/Src/main.c:512:13:MX_TIM1_Init	80	static
../Core/Src/main.c:576:13:MX_TIM2_Init	56	static
../Core/Src/main.c:625:13:MX_TIM4_Init	56	static
../Core/Src/main.c:674:13:MX_TIM8_Init	80	static
../Core/Src/main.c:743:13:MX_USART3_UART_Init	8	static
../Core/Src/main.c:776:13:MX_GPIO_Init	56	static
../Core/Src/main.c:845:6:Start_RPI_Comm	8	static
../Core/Src/main.c:849:6:SendMsg_RPI	16	static
../Core/Src/main.c:853:6:HAL_UART_RxCpltCallback	96	static
../Core/Src/main.c:918:6:turnLeft	4	static
../Core/Src/main.c:922:6:turnRight	4	static
../Core/Src/main.c:926:6:offsetLeft	4	static
../Core/Src/main.c:930:6:offsetRight	4	static
../Core/Src/main.c:934:6:faceFront	4	static
../Core/Src/main.c:938:6:setLeftPWM	16	static
../Core/Src/main.c:941:6:setRightPWM	16	static
../Core/Src/main.c:944:6:setMotorForward	8	static
../Core/Src/main.c:953:6:setMotorBackward	8	static
../Core/Src/main.c:962:6:motorStop	8	static
../Core/Src/main.c:972:6:moveMotor	16	static
../Core/Src/main.c:985:6:TriggerPulse	8	static
../Core/Src/main.c:995:10:MeasureEchoTime	16	static
../Core/Src/main.c:1010:7:CalculateDistance	16	static
../Core/Src/main.c:1018:10:getEncoderDelta	24	static
../Core/Src/main.c:1042:6:CalibrateGyroZOffset	1056	static
../Core/Src/main.c:1069:7:normalizeAngle	16	static
../Core/Src/main.c:1077:10:ADC_Read_Channel	40	static
../Core/Src/main.c:1096:10:read_IR_Left	8	static
../Core/Src/main.c:1100:10:read_IR_Right	8	static
../Core/Src/main.c:1104:7:IR_ADC_to_Distance	16	static
../Core/Src/main.c:1128:6:StartDefaultTask	24	static
../Core/Src/main.c:1155:6:commandTask	24	static
../Core/Src/main.c:1315:6:imuTask	56	static
../Core/Src/main.c:1367:6:pidTask	64	static
../Core/Src/main.c:1514:6:Ultrasonic_Task	24	static
../Core/Src/main.c:1545:6:Heading_PID	96	static
../Core/Src/main.c:1648:6:IRSensor_Task	96	static
../Core/Src/main.c:1683:6:Error_Handler	4	static,ignoring_inline_asm
