../Core/Src/main.c:229:5:main	8	static
../Core/Src/main.c:343:6:SystemClock_Config	88	static
../Core/Src/main.c:385:13:MX_I2C1_Init	8	static
../Core/Src/main.c:419:13:MX_TIM1_Init	80	static
../Core/Src/main.c:483:13:MX_TIM2_Init	56	static
../Core/Src/main.c:532:13:MX_TIM3_Init	56	static
../Core/Src/main.c:581:13:MX_TIM8_Init	80	static
../Core/Src/main.c:650:13:MX_USART3_UART_Init	8	static
../Core/Src/main.c:683:13:MX_GPIO_Init	56	static
../Core/Src/main.c:742:6:Start_RPI_Comm	8	static
../Core/Src/main.c:746:6:SendMsg_RPI	16	static
../Core/Src/main.c:750:6:HAL_UART_RxCpltCallback	96	static
../Core/Src/main.c:816:6:turnLeft	4	static
../Core/Src/main.c:820:6:turnRight	4	static
../Core/Src/main.c:824:6:offsetLeft	4	static
../Core/Src/main.c:828:6:offsetRight	4	static
../Core/Src/main.c:832:6:faceFront	4	static
../Core/Src/main.c:836:6:setLeftPWM	16	static
../Core/Src/main.c:839:6:setRightPWM	16	static
../Core/Src/main.c:842:6:setMotorForward	8	static
../Core/Src/main.c:851:6:setMotorBackward	8	static
../Core/Src/main.c:860:6:motorStop	8	static
../Core/Src/main.c:870:6:moveMotor	16	static
../Core/Src/main.c:883:6:TriggerPulse	8	static
../Core/Src/main.c:893:10:MeasureEchoTime	16	static
../Core/Src/main.c:908:7:CalculateDistance	16	static
../Core/Src/main.c:916:10:getEncoderDelta	24	static
../Core/Src/main.c:940:6:CalibrateGyroZOffset	456	static
../Core/Src/main.c:981:6:StartDefaultTask	24	static
../Core/Src/main.c:1008:6:commandTask	48	static
../Core/Src/main.c:1195:6:imuTask	56	static
../Core/Src/main.c:1257:6:pidTask	64	static
../Core/Src/main.c:1385:6:Ultrasonic_Task	24	static
../Core/Src/main.c:1413:6:Error_Handler	4	static,ignoring_inline_asm
