Archive member included to satisfy reference by file (symbol)

/Applications/STM32CubeIDE.app/Contents/Eclipse/plugins/com.st.stm32cube.ide.mcu.externaltools.gnu-tools-for-stm32.12.3.rel1.macos64_1.1.0.202410301201/tools/bin/../lib/gcc/arm-none-eabi/12.3.1/../../../../arm-none-eabi/lib/thumb/v7e-m+fp/hard/libc_nano.a(libc_a-atoi.o)
                              ./Core/Src/main.o (atoi)
/Applications/STM32CubeIDE.app/Contents/Eclipse/plugins/com.st.stm32cube.ide.mcu.externaltools.gnu-tools-for-stm32.12.3.rel1.macos64_1.1.0.202410301201/tools/bin/../lib/gcc/arm-none-eabi/12.3.1/../../../../arm-none-eabi/lib/thumb/v7e-m+fp/hard/libc_nano.a(libc_a-exit.o)
                              /Applications/STM32CubeIDE.app/Contents/Eclipse/plugins/com.st.stm32cube.ide.mcu.externaltools.gnu-tools-for-stm32.12.3.rel1.macos64_1.1.0.202410301201/tools/bin/../lib/gcc/arm-none-eabi/12.3.1/../../../../arm-none-eabi/lib/thumb/v7e-m+fp/hard/crt0.o (exit)
/Applications/STM32CubeIDE.app/Contents/Eclipse/plugins/com.st.stm32cube.ide.mcu.externaltools.gnu-tools-for-stm32.12.3.rel1.macos64_1.1.0.202410301201/tools/bin/../lib/gcc/arm-none-eabi/12.3.1/../../../../arm-none-eabi/lib/thumb/v7e-m+fp/hard/libc_nano.a(libc_a-nano-vfprintf_float.o)
                              (_printf_float)
/Applications/STM32CubeIDE.app/Contents/Eclipse/plugins/com.st.stm32cube.ide.mcu.externaltools.gnu-tools-for-stm32.12.3.rel1.macos64_1.1.0.202410301201/tools/bin/../lib/gcc/arm-none-eabi/12.3.1/../../../../arm-none-eabi/lib/thumb/v7e-m+fp/hard/libc_nano.a(libc_a-nano-vfprintf_i.o)
                              /Applications/STM32CubeIDE.app/Contents/Eclipse/plugins/com.st.stm32cube.ide.mcu.externaltools.gnu-tools-for-stm32.12.3.rel1.macos64_1.1.0.202410301201/tools/bin/../lib/gcc/arm-none-eabi/12.3.1/../../../../arm-none-eabi/lib/thumb/v7e-m+fp/hard/libc_nano.a(libc_a-nano-vfprintf_float.o) (_printf_common)
/Applications/STM32CubeIDE.app/Contents/Eclipse/plugins/com.st.stm32cube.ide.mcu.externaltools.gnu-tools-for-stm32.12.3.rel1.macos64_1.1.0.202410301201/tools/bin/../lib/gcc/arm-none-eabi/12.3.1/../../../../arm-none-eabi/lib/thumb/v7e-m+fp/hard/libc_nano.a(libc_a-snprintf.o)
                              ./Core/Src/main.o (snprintf)
/Applications/STM32CubeIDE.app/Contents/Eclipse/plugins/com.st.stm32cube.ide.mcu.externaltools.gnu-tools-for-stm32.12.3.rel1.macos64_1.1.0.202410301201/tools/bin/../lib/gcc/arm-none-eabi/12.3.1/../../../../arm-none-eabi/lib/thumb/v7e-m+fp/hard/libc_nano.a(libc_a-sprintf.o)
                              ./Core/Src/main.o (sprintf)
/Applications/STM32CubeIDE.app/Contents/Eclipse/plugins/com.st.stm32cube.ide.mcu.externaltools.gnu-tools-for-stm32.12.3.rel1.macos64_1.1.0.202410301201/tools/bin/../lib/gcc/arm-none-eabi/12.3.1/../../../../arm-none-eabi/lib/thumb/v7e-m+fp/hard/libc_nano.a(libc_a-findfp.o)
                              /Applications/STM32CubeIDE.app/Contents/Eclipse/plugins/com.st.stm32cube.ide.mcu.externaltools.gnu-tools-for-stm32.12.3.rel1.macos64_1.1.0.202410301201/tools/bin/../lib/gcc/arm-none-eabi/12.3.1/../../../../arm-none-eabi/lib/thumb/v7e-m+fp/hard/libc_nano.a(libc_a-exit.o) (__stdio_exit_handler)
/Applications/STM32CubeIDE.app/Contents/Eclipse/plugins/com.st.stm32cube.ide.mcu.externaltools.gnu-tools-for-stm32.12.3.rel1.macos64_1.1.0.202410301201/tools/bin/../lib/gcc/arm-none-eabi/12.3.1/../../../../arm-none-eabi/lib/thumb/v7e-m+fp/hard/libc_nano.a(libc_a-strtol.o)
                              /Applications/STM32CubeIDE.app/Contents/Eclipse/plugins/com.st.stm32cube.ide.mcu.externaltools.gnu-tools-for-stm32.12.3.rel1.macos64_1.1.0.202410301201/tools/bin/../lib/gcc/arm-none-eabi/12.3.1/../../../../arm-none-eabi/lib/thumb/v7e-m+fp/hard/libc_nano.a(libc_a-atoi.o) (_strtol_r)
/Applications/STM32CubeIDE.app/Contents/Eclipse/plugins/com.st.stm32cube.ide.mcu.externaltools.gnu-tools-for-stm32.12.3.rel1.macos64_1.1.0.202410301201/tools/bin/../lib/gcc/arm-none-eabi/12.3.1/../../../../arm-none-eabi/lib/thumb/v7e-m+fp/hard/libc_nano.a(libc_a-fwalk.o)
                              /Applications/STM32CubeIDE.app/Contents/Eclipse/plugins/com.st.stm32cube.ide.mcu.externaltools.gnu-tools-for-stm32.12.3.rel1.macos64_1.1.0.202410301201/tools/bin/../lib/gcc/arm-none-eabi/12.3.1/../../../../arm-none-eabi/lib/thumb/v7e-m+fp/hard/libc_nano.a(libc_a-findfp.o) (_fwalk_sglue)
/Applications/STM32CubeIDE.app/Contents/Eclipse/plugins/com.st.stm32cube.ide.mcu.externaltools.gnu-tools-for-stm32.12.3.rel1.macos64_1.1.0.202410301201/tools/bin/../lib/gcc/arm-none-eabi/12.3.1/../../../../arm-none-eabi/lib/thumb/v7e-m+fp/hard/libc_nano.a(libc_a-strncpy.o)
                              ./Core/Src/main.o (strncpy)
/Applications/STM32CubeIDE.app/Contents/Eclipse/plugins/com.st.stm32cube.ide.mcu.externaltools.gnu-tools-for-stm32.12.3.rel1.macos64_1.1.0.202410301201/tools/bin/../lib/gcc/arm-none-eabi/12.3.1/../../../../arm-none-eabi/lib/thumb/v7e-m+fp/hard/libc_nano.a(libc_a-memset.o)
[...]
Memory Configuration

Name             Origin             Length             Attributes
CCMRAM           0x10000000         0x00010000         xrw
RAM              0x20000000         0x00020000         xrw
FLASH            0x08000000         0x00080000         xr
*default*        0x00000000         0xffffffff

Linker script and memory map

LOAD /Applications/STM32CubeIDE.app/Contents/Eclipse/plugins/com.st.stm32cube.ide.mcu.externaltools.gnu-tools-for-stm32.12.3.rel1.macos64_1.1.0.202410301201/tools/bin/../lib/gcc/arm-none-eabi/12.3.1/thumb/v7e-m+fp/hard/crti.o
LOAD /Applications/STM32CubeIDE.app/Contents/Eclipse/plugins/com.st.stm32cube.ide.mcu.externaltools.gnu-tools-for-stm32.12.3.rel1.macos64_1.1.0.202410301201/tools/bin/../lib/gcc/arm-none-eabi/12.3.1/thumb/v7e-m+fp/hard/crtbegin.o
LOAD /Applications/STM32CubeIDE.app/Contents/Eclipse/plugins/com.st.stm32cube.ide.mcu.externaltools.gnu-tools-for-stm32.12.3.rel1.macos64_1.1.0.202410301201/tools/bin/../lib/gcc/arm-none-eabi/12.3.1/../../../../arm-none-eabi/lib/thumb/v7e-m+fp/hard/crt0.o
LOAD ./Core/Src/Appl_Timer.o
LOAD ./Core/Src/Drv_HCSR04.o
LOAD ./Core/Src/HCSR04_cfg.o
LOAD ./Core/Src/ICM20948.o
LOAD ./Core/Src/QueueManager.o
LOAD ./Core/Src/Util.o
LOAD ./Core/Src/freertos.o
LOAD ./Core/Src/madgwick.o
LOAD ./Core/Src/main.o
LOAD ./Core/Src/oled.o
LOAD ./Core/Src/pid.o
LOAD ./Core/Src/stm32f4xx_hal_msp.o
LOAD ./Core/Src/stm32f4xx_it.o
LOAD ./Core/Src/syscalls.o
LOAD ./Core/Src/sysmem.o
LOAD ./Core/Src/system_stm32f4xx.o
LOAD ./Core/Startup/startup_stm32f407vetx.o
LOAD ./Drivers/STM32F4xx_HAL_Driver/Src/stm32f4xx_hal.o
LOAD ./Drivers/STM32F4xx_HAL_Driver/Src/stm32f4xx_hal_adc.o
LOAD ./Drivers/STM32F4xx_HAL_Driver/Src/stm32f4xx_hal_adc_ex.o
LOAD ./Drivers/STM32F4xx_HAL_Driver/Src/stm32f4xx_hal_cortex.o
LOAD ./Drivers/STM32F4xx_HAL_Driver/Src/stm32f4xx_hal_dma.o
LOAD ./Drivers/STM32F4xx_HAL_Driver/Src/stm32f4xx_hal_dma_ex.o
LOAD ./Drivers/STM32F4xx_HAL_Driver/Src/stm32f4xx_hal_exti.o
LOAD ./Drivers/STM32F4xx_HAL_Driver/Src/stm32f4xx_hal_flash.o
LOAD ./Drivers/STM32F4xx_HAL_Driver/Src/stm32f4xx_hal_flash_ex.o
LOAD ./Drivers/STM32F4xx_HAL_Driver/Src/stm32f4xx_hal_flash_ramfunc.o
LOAD ./Drivers/STM32F4xx_HAL_Driver/Src/stm32f4xx_hal_gpio.o
LOAD ./Drivers/STM32F4xx_HAL_Driver/Src/stm32f4xx_hal_i2c.o
LOAD ./Drivers/STM32F4xx_HAL_Driver/Src/stm32f4xx_hal_i2c_ex.o
LOAD ./Drivers/STM32F4xx_HAL_Driver/Src/stm32f4xx_hal_pwr.o
LOAD ./Drivers/STM32F4xx_HAL_Driver/Src/stm32f4xx_hal_pwr_ex.o
LOAD ./Drivers/STM32F4xx_HAL_Driver/Src/stm32f4xx_hal_rcc.o
LOAD ./Drivers/STM32F4xx_HAL_Driver/Src/stm32f4xx_hal_rcc_ex.o
LOAD ./Drivers/STM32F4xx_HAL_Driver/Src/stm32f4xx_hal_tim.o
LOAD ./Drivers/STM32F4xx_HAL_Driver/Src/stm32f4xx_hal_tim_ex.o
LOAD ./Drivers/STM32F4xx_HAL_Driver/Src/stm32f4xx_hal_uart.o
LOAD ./Drivers/STM32F4xx_HAL_Driver/Src/stm32f4xx_ll_adc.o
LOAD ./Middlewares/Third_Party/FreeRTOS/Source/CMSIS_RTOS_V2/cmsis_os2.o
LOAD ./Middlewares/Third_Party/FreeRTOS/Source/croutine.o
LOAD ./Middlewares/Third_Party/FreeRTOS/Source/event_groups.o
LOAD ./Middlewares/Third_Party/FreeRTOS/Source/list.o
LOAD ./Middlewares/Third_Party/FreeRTOS/Source/queue.o
LOAD ./Middlewares/Third_Party/FreeRTOS/Source/stream_buffer.o
LOAD ./Middlewares/Third_Party/FreeRTOS/Source/tasks.o
LOAD ./Middlewares/Third_Party/FreeRTOS/Source/timers.o
LOAD ./Middlewares/Third_Party/FreeRTOS/Source/portable/GCC/ARM_CM4F/port.o
LOAD ./Middlewares/Third_Party/FreeRTOS/Source/portable/MemMang/heap_4.o
START GROUP
LOAD /Applications/STM32CubeIDE.app/Contents/Eclipse/plugins/com.st.stm32cube.ide.mcu.externaltools.gnu-tools-for-stm32.12.3.rel1.macos64_1.1.0.202410301201/tools/bin/../lib/gcc/arm-none-eabi/12.3.1/../../../../arm-none-eabi/lib/thumb/v7e-m+fp/hard/libc_nano.a
LOAD /Applications/STM32CubeIDE.app/Contents/Eclipse/plugins/com.st.stm32cube.ide.mcu.externaltools.gnu-tools-for-stm32.12.3.rel1.macos64_1.1.0.202410301201/tools/bin/../lib/gcc/arm-none-eabi/12.3.1/../../../../arm-none-eabi/lib/thumb/v7e-m+fp/hard/libm.a
END GROUP
START GROUP
LOAD /Applications/STM32CubeIDE.app/Contents/Eclipse/plugins/com.st.stm32cube.ide.mcu.externaltools.gnu-tools-for-stm32.12.3.rel1.macos64_1.1.0.202410301201/tools/bin/../lib/gcc/arm-none-eabi/12.3.1/thumb/v7e-m+fp/hard/libgcc.a
LOAD /Applications/STM32CubeIDE.app/Contents/Eclipse/plugins/com.st.stm32cube.ide.mcu.externaltools.gnu-tools-for-stm32.12.3.rel1.macos64_1.1.0.202410301201/tools/bin/../lib/gcc/arm-none-eabi/12.3.1/../../../../arm-none-eabi/lib/thumb/v7e-m+fp/hard/libc_nano.a
END GROUP
START GROUP
LOAD /Applications/STM32CubeIDE.app/Contents/Eclipse/plugins/com.st.stm32cube.ide.mcu.externaltools.gnu-tools-for-stm32.12.3.rel1.macos64_1.1.0.202410301201/tools/bin/../lib/gcc/arm-none-eabi/12.3.1/thumb/v7e-m+fp/hard/libgcc.a
LOAD /Applications/STM32CubeIDE.app/Contents/Eclipse/plugins/com.st.stm32cube.ide.mcu.externaltools.gnu-tools-for-stm32.12.3.rel1.macos64_1.1.0.202410301201/tools/bin/../lib/gcc/arm-none-eabi/12.3.1/../../../../arm-none-eabi/lib/thumb/v7e-m+fp/hard/libc_nano.a
LOAD /Applications/STM32CubeIDE.app/Contents/Eclipse/plugins/com.st.stm32cube.ide.mcu.externaltools.gnu-tools-for-stm32.12.3.rel1.macos64_1.1.0.202410301201/tools/bin/../lib/gcc/arm-none-eabi/12.3.1/../../../../arm-none-eabi/lib/thumb/v7e-m+fp/hard/libnosys.a
END GROUP
START GROUP
LOAD /Applications/STM32CubeIDE.app/Contents/Eclipse/plugins/com.st.stm32cube.ide.mcu.externaltools.gnu-tools-for-stm32.12.3.rel1.macos64_1.1.0.202410301201/tools/bin/../lib/gcc/arm-none-eabi/12.3.1/thumb/v7e-m+fp/hard/libgcc.a
LOAD /Applications/STM32CubeIDE.app/Contents/Eclipse/plugins/com.st.stm32cube.ide.mcu.externaltools.gnu-tools-for-stm32.12.3.rel1.macos64_1.1.0.202410301201/tools/bin/../lib/gcc/arm-none-eabi/12.3.1/../../../../arm-none-eabi/lib/thumb/v7e-m+fp/hard/libc_nano.a
LOAD /Applications/STM32CubeIDE.app/Contents/Eclipse/plugins/com.st.stm32cube.ide.mcu.externaltools.gnu-tools-for-stm32.12.3.rel1.macos64_1.1.0.202410301201/tools/bin/../lib/gcc/arm-none-eabi/12.3.1/../../../../arm-none-eabi/lib/thumb/v7e-m+fp/hard/libnosys.a
END GROUP
LOAD /Applications/STM32CubeIDE.app/Contents/Eclipse/plugins/com.st.stm32cube.ide.mcu.externaltools.gnu-tools-for-stm32.12.3.rel1.macos64_1.1.0.202410301201/tools/bin/../lib/gcc/arm-none-eabi/12.3.1/thumb/v7e-m+fp/hard/crtend.o
LOAD /Applications/STM32CubeIDE.app/Contents/Eclipse/plugins/com.st.stm32cube.ide.mcu.externaltools.gnu-tools-for-stm32.12.3.rel1.macos64_1.1.0.202410301201/tools/bin/../lib/gcc/arm-none-eabi/12.3.1/thumb/v7e-m+fp/hard/crtn.o
                0x20020000                        _estack = (ORIGIN (RAM) + LENGTH (RAM))
                0x00000200                        _Min_Heap_Size = 0x200
                0x00000400                        _Min_Stack_Size = 0x400

.isr_vector     0x08000000      0x188
                0x08000000                        . = ALIGN (0x4)
 *(.isr_vector)
 .isr_vector    0x08000000      0x188 ./Core/Startup/startup_stm32f407vetx.o
                0x08000000                g_pfnVectors
                0x08000188                        . = ALIGN (0x4)

.text           0x08000190     0xea34
                0x08000190                        . = ALIGN (0x4)
 *(.text)
 .text          0x08000190       0x40 /Applications/STM32CubeIDE.app/Contents/Eclipse/plugins/com.st.stm32cube.ide.mcu.externaltools.gnu-tools-for-stm32.12.3.rel1.macos64_1.1.0.202410301201/tools/bin/../lib/gcc/arm-none-eabi/12.3.1/thumb/v7e-m+fp/hard/crtbegin.o
 .text          0x080001d0       0xa0 /Applications/STM32CubeIDE.app/Contents/Eclipse/plugins/com.st.stm32cube.ide.mcu.externaltools.gnu-tools-for-stm32.12.3.rel1.macos64_1.1.0.202410301201/tools/bin/../lib/gcc/arm-none-eabi/12.3.1/../../../../arm-none-eabi/lib/thumb/v7e-m+fp/hard/libc_nano.a(libc_a-memchr.o)
                0x080001d0                memchr
 .text          0x08000270       0x10 /Applications/STM32CubeIDE.app/Contents/Eclipse/plugins/com.st.stm32cube.ide.mcu.externaltools.gnu-tools-for-stm32.12.3.rel1.macos64_1.1.0.202410301201/tools/bin/../lib/gcc/arm-none-eabi/12.3.1/../../../../arm-none-eabi/lib/thumb/v7e-m+fp/hard/libc_nano.a(libc_a-strlen.o)
                0x08000270                strlen
 .text          0x08000280      0x378 /Applications/STM32CubeIDE.app/Contents/Eclipse/plugins/com.st.stm32cube.ide.mcu.externaltools.gnu-tools-for-stm32.12.3.rel1.macos64_1.1.0.202410301201/tools/bin/../lib/gcc/arm-none-eabi/12.3.1/thumb/v7e-m+fp/hard/libgcc.a(_arm_addsubdf3.o)
                0x08000280                __aeabi_drsub
                0x08000288                __subdf3
                0x08000288                __aeabi_dsub
                0x0800028c                __aeabi_dadd
                0x0800028c                __adddf3
                0x08000504                __aeabi_ui2d
                0x08000504                __floatunsidf
                0x08000524                __floatsidf
                0x08000524                __aeabi_i2d
                0x08000548                __extendsfdf2
                0x08000548                __aeabi_f2d
                0x0800058c                __aeabi_ul2d
                0x0800058c                __floatundidf
                0x0800059c                __aeabi_l2d
                0x0800059c                __floatdidf
 .text          0x080005f8      0x424 /Applications/STM32CubeIDE.app/Contents/Eclipse/plugins/com.st.stm32cube.ide.mcu.externaltools.gnu-tools-for-stm32.12.3.rel1.macos64_1.1.0.202410301201/tools/bin/../lib/gcc/arm-none-eabi/12.3.1/thumb/v7e-m+fp/hard/libgcc.a(_arm_muldivdf3.o)
                0x080005f8                __aeabi_dmul
                0x080005f8                __muldf3
                0x0800084c                __aeabi_ddiv
                0x0800084c                __divdf3
 .text          0x08000a1c      0x110 /Applications/STM32CubeIDE.app/Contents/Eclipse/plugins/com.st.stm32cube.ide.mcu.externaltools.gnu-tools-for-stm32.12.3.rel1.macos64_1.1.0.202410301201/tools/bin/../lib/gcc/arm-none-eabi/12.3.1/thumb/v7e-m+fp/hard/libgcc.a(_arm_cmpdf2.o)
                0x08000a1c                __gedf2
                0x08000a1c                __gtdf2
                0x08000a24                __ledf2
                0x08000a24                __ltdf2
                0x08000a2c                __cmpdf2
                0x08000a2c                __eqdf2
                0x08000a2c                __nedf2
                0x08000aa8                __aeabi_cdrcmple
                0x08000ab8                __aeabi_cdcmple
                0x08000ab8                __aeabi_cdcmpeq
                0x08000ac8                __aeabi_dcmpeq
                0x08000adc                __aeabi_dcmplt
                0x08000af0                __aeabi_dcmple
                0x08000b04                __aeabi_dcmpge
                0x08000b18                __aeabi_dcmpgt
 .text          0x08000b2c       0x2c /Applications/STM32CubeIDE.app/Contents/Eclipse/plugins/com.st.stm32cube.ide.mcu.externaltools.gnu-tools-for-stm32.12.3.rel1.macos64_1.1.0.202410301201/tools/bin/../lib/gcc/arm-none-eabi/12.3.1/thumb/v7e-m+fp/hard/libgcc.a(_arm_unorddf2.o)
                0x08000b2c                __aeabi_dcmpun
                0x08000b2c                __unorddf2
 .text          0x08000b58       0x50 /Applications/STM32CubeIDE.app/Contents/Eclipse/plugins/com.st.stm32cube.ide.mcu.externaltools.gnu-tools-for-stm32.12.3.rel1.macos64_1.1.0.202410301201/tools/bin/../lib/gcc/arm-none-eabi/12.3.1/thumb/v7e-m+fp/hard/libgcc.a(_arm_fixdfsi.o)
                0x08000b58                __fixdfsi
                0x08000b58                __aeabi_d2iz
 .text          0x08000ba8       0x40 /Applications/STM32CubeIDE.app/Contents/Eclipse/plugins/com.st.stm32cube.ide.mcu.externaltools.gnu-tools-for-stm32.12.3.rel1.macos64_1.1.0.202410301201/tools/bin/../lib/gcc/arm-none-eabi/12.3.1/thumb/v7e-m+fp/hard/libgcc.a(_arm_fixunsdfsi.o)
                0x08000ba8                __fixunsdfsi
                0x08000ba8                __aeabi_d2uiz
 .text          0x08000be8       0x30 /Applications/STM32CubeIDE.app/Contents/Eclipse/plugins/com.st.stm32cube.ide.mcu.externaltools.gnu-tools-for-stm32.12.3.rel1.macos64_1.1.0.202410301201/tools/bin/../lib/gcc/arm-none-eabi/12.3.1/thumb/v7e-m+fp/hard/libgcc.a(_aeabi_uldivmod.o)
                0x08000be8                __aeabi_uldivmod
 .text          0x08000c18      0x2bc /Applications/STM32CubeIDE.app/Contents/Eclipse/plugins/com.st.stm32cube.ide.mcu.externaltools.gnu-tools-for-stm32.12.3.rel1.macos64_1.1.0.202410301201/tools/bin/../lib/gcc/arm-none-eabi/12.3.1/thumb/v7e-m+fp/hard/libgcc.a(_udivmoddi4.o)
                0x08000c18                __udivmoddi4
 .text          0x08000ed4        0x4 /Applications/STM32CubeIDE.app/Contents/Eclipse/plugins/com.st.stm32cube.ide.mcu.externaltools.gnu-tools-for-stm32.12.3.rel1.macos64_1.1.0.202410301201/tools/bin/../lib/gcc/arm-none-eabi/12.3.1/thumb/v7e-m+fp/hard/libgcc.a(_dvmd_tls.o)
                0x08000ed4                __aeabi_ldiv0
                0x08000ed4                __aeabi_idiv0
 *(.text*)
 .text._ICM20948_SelectUserBank
                0x08000ed8       0x4e ./Core/Src/ICM20948.o
                0x08000ed8                _ICM20948_SelectUserBank
 .text._ICM20948_WriteByte
                0x08000f26       0x50 ./Core/Src/ICM20948.o
                0x08000f26                _ICM20948_WriteByte
 .text.ICM20948_init
                0x08000f76       0xbe ./Core/Src/ICM20948.o
                0x08000f76                ICM20948_init
 .text.isQueueEmpty
                0x08001034       0x24 ./Core/Src/QueueManager.o
                0x08001034                isQueueEmpty
 .text.PushToQueue_MTR_Cmd
                0x08001058       0x8c ./Core/Src/QueueManager.o
                0x08001058                PushToQueue_MTR_Cmd
 .text.PopFromQueue_MTR_Cmd
                0x080010e4       0x7c ./Core/Src/QueueManager.o
                0x080010e4                PopFromQueue_MTR_Cmd
 .text.main     0x08001160      0x1c8 ./Core/Src/main.o
                0x08001160                main
 .text.SystemClock_Config
                0x08001328       0xbc ./Core/Src/main.o
                0x08001328                SystemClock_Config
 .text.MX_ADC1_Init
                0x080013e4       0xa4 ./Core/Src/main.o
 .text.MX_I2C1_Init
                0x08001488       0x5c ./Core/Src/main.o
 .text.MX_TIM1_Init
                0x080014e4      0x104 ./Core/Src/main.o
 .text.MX_TIM2_Init
                0x080015e8       0xa8 ./Core/Src/main.o
 .text.MX_TIM4_Init
                0x08001690       0xa8 ./Core/Src/main.o
 .text.MX_TIM8_Init
                0x08001738      0x120 ./Core/Src/main.o
 .text.MX_USART3_UART_Init
                0x08001858       0x54 ./Core/Src/main.o
 .text.MX_GPIO_Init
                0x080018ac      0x194 ./Core/Src/main.o
 .text.Start_RPI_Comm
                0x08001a40       0x1c ./Core/Src/main.o
                0x08001a40                Start_RPI_Comm
 .text.SendMsg_RPI
                0x08001a5c       0x24 ./Core/Src/main.o
                0x08001a5c                SendMsg_RPI
 .text.HAL_UART_RxCpltCallback
                0x08001a80      0x244 ./Core/Src/main.o
                0x08001a80                HAL_UART_RxCpltCallback
 .text.turnLeft
                0x08001cc4       0x1c ./Core/Src/main.o
                0x08001cc4                turnLeft
 .text.turnRight
                0x08001ce0       0x1c ./Core/Src/main.o
                0x08001ce0                turnRight
 .text.offsetLeft
                0x08001cfc       0x1c ./Core/Src/main.o
                0x08001cfc                offsetLeft
 .text.offsetRight
                0x08001d18       0x1c ./Core/Src/main.o
                0x08001d18                offsetRight
 .text.faceFront
                0x08001d34       0x1c ./Core/Src/main.o
                0x08001d34                faceFront
 .text.setLeftPWM
                0x08001d50       0x24 ./Core/Src/main.o
                0x08001d50                setLeftPWM
 .text.setRightPWM
                0x08001d74       0x24 ./Core/Src/main.o
                0x08001d74                setRightPWM
 .text.setMotorForward
                0x08001d98       0x40 ./Core/Src/main.o
                0x08001d98                setMotorForward
 .text.setMotorBackward
                0x08001dd8       0x40 ./Core/Src/main.o
                0x08001dd8                setMotorBackward
 .text.motorStop
                0x08001e18       0x4c ./Core/Src/main.o
                0x08001e18                motorStop
 .text.TriggerPulse
                0x08001e64       0x38 ./Core/Src/main.o
                0x08001e64                TriggerPulse
 .text.MeasureEchoTime
                0x08001e9c       0x64 ./Core/Src/main.o
                0x08001e9c                MeasureEchoTime
 .text.CalculateDistance
                0x08001f00       0x38 ./Core/Src/main.o
                0x08001f00                CalculateDistance
 .text.getEncoderDelta
                0x08001f38       0x88 ./Core/Src/main.o
                0x08001f38                getEncoderDelta
 .text.CalibrateGyroZOffset
                0x08001fc0      0x158 ./Core/Src/main.o
                0x08001fc0                CalibrateGyroZOffset
 .text.normalizeAngle
                0x08002118       0x4c ./Core/Src/main.o
                0x08002118                normalizeAngle
 .text.ADC_Read_Channel
                0x08002164       0x6c ./Core/Src/main.o
                0x08002164                ADC_Read_Channel
 .text.read_IR_Left
                0x080021d0       0x10 ./Core/Src/main.o
                0x080021d0                read_IR_Left
 .text.read_IR_Right
                0x080021e0       0x10 ./Core/Src/main.o
                0x080021e0                read_IR_Right
 .text.IR_ADC_to_Distance
                0x080021f0       0x88 ./Core/Src/main.o
                0x080021f0                IR_ADC_to_Distance
 .text.StartDefaultTask
                0x08002278       0x50 ./Core/Src/main.o
                0x08002278                StartDefaultTask
 .text.commandTask
                0x080022c8      0x5b0 ./Core/Src/main.o
                0x080022c8                commandTask
 .text.imuTask  0x08002878      0x13c ./Core/Src/main.o
                0x08002878                imuTask
 *fill*         0x080029b4        0x4 
 .text.pidTask  0x080029b8      0x4f8 ./Core/Src/main.o
                0x080029b8                pidTask
 .text.Ultrasonic_Task
                0x08002eb0       0x34 ./Core/Src/main.o
                0x08002eb0                Ultrasonic_Task
 *fill*         0x08002ee4        0x4 
 .text.Heading_PID
                0x08002ee8      0x368 ./Core/Src/main.o
                0x08002ee8                Heading_PID
 .text.IRSensor_Task
                0x08003250       0x64 ./Core/Src/main.o
                0x08003250                IRSensor_Task
 .text.Error_Handler
                0x080032b4        0xc ./Core/Src/main.o
                0x080032b4                Error_Handler
 .text.OLED_Refresh_Gram
                0x080032c0       0x70 ./Core/Src/oled.o
                0x080032c0                OLED_Refresh_Gram
 .text.OLED_WR_Byte
                0x08003330       0x94 ./Core/Src/oled.o
                0x08003330                OLED_WR_Byte
 .text.OLED_Clear
                0x080033c4       0x4c ./Core/Src/oled.o
                0x080033c4                OLED_Clear
 .text.OLED_DrawPoint
                0x08003410       0xb4 ./Core/Src/oled.o
                0x08003410                OLED_DrawPoint
 .text.OLED_ShowChar
                0x080034c4       0xe4 ./Core/Src/oled.o
                0x080034c4                OLED_ShowChar
 .text.OLED_ShowString
                0x080035a8       0x64 ./Core/Src/oled.o
                0x080035a8                OLED_ShowString
 .text.OLED_Init
                0x0800360c      0x118 ./Core/Src/oled.o
                0x0800360c                OLED_Init
 .text.PID_init
                0x08003724       0xae ./Core/Src/pid.o
                0x08003724                PID_init
 .text.PID_calc
                0x080037d2      0x290 ./Core/Src/pid.o
                0x080037d2                PID_calc
 *fill*         0x08003a62        0x2 
 .text.HAL_MspInit
                0x08003a64       0x58 ./Core/Src/stm32f4xx_hal_msp.o
                0x08003a64                HAL_MspInit
 .text.HAL_ADC_MspInit
                0x08003abc       0x88 ./Core/Src/stm32f4xx_hal_msp.o
                0x08003abc                HAL_ADC_MspInit
 .text.HAL_I2C_MspInit
                0x08003b44       0x90 ./Core/Src/stm32f4xx_hal_msp.o
                0x08003b44                HAL_I2C_MspInit
 .text.HAL_TIM_PWM_MspInit
                0x08003bd4       0x70 ./Core/Src/stm32f4xx_hal_msp.o
                0x08003bd4                HAL_TIM_PWM_MspInit
 .text.HAL_TIM_Encoder_MspInit
                0x08003c44      0x134 ./Core/Src/stm32f4xx_hal_msp.o
                0x08003c44                HAL_TIM_Encoder_MspInit
 .text.HAL_TIM_MspPostInit
                0x08003d78       0xc8 ./Core/Src/stm32f4xx_hal_msp.o
                0x08003d78                HAL_TIM_MspPostInit
 .text.HAL_UART_MspInit
                0x08003e40       0xc4 ./Core/Src/stm32f4xx_hal_msp.o
                0x08003e40                HAL_UART_MspInit
 .text.NMI_Handler
                0x08003f04        0x8 ./Core/Src/stm32f4xx_it.o
                0x08003f04                NMI_Handler
 .text.HardFault_Handler
                0x08003f0c        0x8 ./Core/Src/stm32f4xx_it.o
                0x08003f0c                HardFault_Handler
 .text.MemManage_Handler
                0x08003f14        0x8 ./Core/Src/stm32f4xx_it.o
                0x08003f14                MemManage_Handler
 .text.BusFault_Handler
                0x08003f1c        0x8 ./Core/Src/stm32f4xx_it.o
                0x08003f1c                BusFault_Handler
 .text.UsageFault_Handler
                0x08003f24        0x8 ./Core/Src/stm32f4xx_it.o
                0x08003f24                UsageFault_Handler
 .text.DebugMon_Handler
                0x08003f2c        0xe ./Core/Src/stm32f4xx_it.o
                0x08003f2c                DebugMon_Handler
 .text.SysTick_Handler
                0x08003f3a       0x1a ./Core/Src/stm32f4xx_it.o
                0x08003f3a                SysTick_Handler
 .text.USART3_IRQHandler
                0x08003f54       0x14 ./Core/Src/stm32f4xx_it.o
                0x08003f54                USART3_IRQHandler
 .text._getpid  0x08003f68       0x10 ./Core/Src/syscalls.o
                0x08003f68                _getpid
 .text._kill    0x08003f78       0x20 ./Core/Src/syscalls.o
                0x08003f78                _kill
 .text._exit    0x08003f98       0x16 ./Core/Src/syscalls.o
                0x08003f98                _exit
 .text._read    0x08003fae       0x3a ./Core/Src/syscalls.o
                0x08003fae                _read
 .text._write   0x08003fe8       0x38 ./Core/Src/syscalls.o
                0x08003fe8                _write
 .text._close   0x08004020       0x18 ./Core/Src/syscalls.o
                0x08004020                _close
 .text._fstat   0x08004038       0x20 ./Core/Src/syscalls.o
                0x08004038                _fstat
 .text._isatty  0x08004058       0x16 ./Core/Src/syscalls.o
                0x08004058                _isatty
 .text._lseek   0x0800406e       0x1a ./Core/Src/syscalls.o
                0x0800406e                _lseek
 .text._sbrk    0x08004088       0x6c ./Core/Src/sysmem.o
                0x08004088                _sbrk
 .text.SystemInit
                0x080040f4       0x24 ./Core/Src/system_stm32f4xx.o
                0x080040f4                SystemInit
 .text.Reset_Handler
                0x08004118       0x50 ./Core/Startup/startup_stm32f407vetx.o
                0x08004118                Reset_Handler
 .text.Default_Handler
                0x08004168        0x2 ./Core/Startup/startup_stm32f407vetx.o
                0x08004168                DMA1_Stream3_IRQHandler
                0x08004168                HASH_RNG_IRQHandler
                0x08004168                EXTI2_IRQHandler
                0x08004168                TIM8_CC_IRQHandler
                0x08004168                TIM1_CC_IRQHandler
                0x08004168                DMA2_Stream5_IRQHandler
                0x08004168                DMA1_Stream5_IRQHandler
                0x08004168                PVD_IRQHandler
                0x08004168                SDIO_IRQHandler
                0x08004168                TAMP_STAMP_IRQHandler
                0x08004168                CAN2_RX1_IRQHandler
                0x08004168                EXTI3_IRQHandler
                0x08004168                TIM8_TRG_COM_TIM14_IRQHandler
                0x08004168                TIM1_UP_TIM10_IRQHandler
                0x08004168                TIM8_UP_TIM13_IRQHandler
                0x08004168                I2C3_ER_IRQHandler
                0x08004168                EXTI0_IRQHandler
                0x08004168                I2C2_EV_IRQHandler
                0x08004168                DMA1_Stream2_IRQHandler
                0x08004168                CAN1_RX0_IRQHandler
                0x08004168                FPU_IRQHandler
                0x08004168                OTG_HS_WKUP_IRQHandler
                0x08004168                CAN2_SCE_IRQHandler
                0x08004168                DMA2_Stream2_IRQHandler
                0x08004168                SPI1_IRQHandler
                0x08004168                TIM6_DAC_IRQHandler
                0x08004168                TIM1_BRK_TIM9_IRQHandler
                0x08004168                DCMI_IRQHandler
                0x08004168                CAN2_RX0_IRQHandler
                0x08004168                DMA2_Stream3_IRQHandler
                0x08004168                USART6_IRQHandler
                0x08004168                CAN1_RX1_IRQHandler
                0x08004168                UART5_IRQHandler
                0x08004168                DMA2_Stream0_IRQHandler
                0x08004168                TIM4_IRQHandler
                0x08004168                I2C1_EV_IRQHandler
                0x08004168                DMA1_Stream6_IRQHandler
                0x08004168                DMA1_Stream1_IRQHandler
                0x08004168                UART4_IRQHandler
                0x08004168                TIM3_IRQHandler
                0x08004168                RCC_IRQHandler
                0x08004168                TIM8_BRK_TIM12_IRQHandler
                0x08004168                Default_Handler
                0x08004168                EXTI15_10_IRQHandler
                0x08004168                ADC_IRQHandler
                0x08004168                DMA1_Stream7_IRQHandler
                0x08004168                TIM7_IRQHandler
                0x08004168                CAN2_TX_IRQHandler
                0x08004168                TIM5_IRQHandler
                0x08004168                DMA2_Stream7_IRQHandler
                0x08004168                I2C3_EV_IRQHandler
                0x08004168                EXTI9_5_IRQHandler
                0x08004168                RTC_WKUP_IRQHandler
                0x08004168                ETH_WKUP_IRQHandler
                0x08004168                SPI2_IRQHandler
                0x08004168                OTG_HS_EP1_IN_IRQHandler
                0x08004168                DMA1_Stream0_IRQHandler
                0x08004168                CAN1_TX_IRQHandler
                0x08004168                EXTI4_IRQHandler
                0x08004168                FSMC_IRQHandler
                0x08004168                ETH_IRQHandler
                0x08004168                OTG_HS_EP1_OUT_IRQHandler
                0x08004168                WWDG_IRQHandler
                0x08004168                TIM2_IRQHandler
                0x08004168                OTG_FS_WKUP_IRQHandler
                0x08004168                TIM1_TRG_COM_TIM11_IRQHandler
                0x08004168                OTG_HS_IRQHandler
                0x08004168                EXTI1_IRQHandler
                0x08004168                USART2_IRQHandler
                0x08004168                I2C2_ER_IRQHandler
                0x08004168                DMA2_Stream1_IRQHandler
                0x08004168                CAN1_SCE_IRQHandler
                0x08004168                FLASH_IRQHandler
                0x08004168                DMA2_Stream4_IRQHandler
                0x08004168                USART1_IRQHandler
                0x08004168                OTG_FS_IRQHandler
                0x08004168                SPI3_IRQHandler
                0x08004168                DMA1_Stream4_IRQHandler
                0x08004168                I2C1_ER_IRQHandler
                0x08004168                DMA2_Stream6_IRQHandler
                0x08004168                RTC_Alarm_IRQHandler
 *fill*         0x0800416a        0x2 
 .text.HAL_Init
                0x0800416c       0x44 ./Drivers/STM32F4xx_HAL_Driver/Src/stm32f4xx_hal.o
                0x0800416c                HAL_Init
 .text.HAL_InitTick
                0x080041b0       0x60 ./Drivers/STM32F4xx_HAL_Driver/Src/stm32f4xx_hal.o
                0x080041b0                HAL_InitTick
 .text.HAL_IncTick
                0x08004210       0x28 ./Drivers/STM32F4xx_HAL_Driver/Src/stm32f4xx_hal.o
                0x08004210                HAL_IncTick
 .text.HAL_GetTick
                0x08004238       0x18 ./Drivers/STM32F4xx_HAL_Driver/Src/stm32f4xx_hal.o
                0x08004238                HAL_GetTick
 .text.HAL_Delay
                0x08004250       0x48 ./Drivers/STM32F4xx_HAL_Driver/Src/stm32f4xx_hal.o
                0x08004250                HAL_Delay
 .text.HAL_ADC_Init
                0x08004298       0x86 ./Drivers/STM32F4xx_HAL_Driver/Src/stm32f4xx_hal_adc.o
                0x08004298                HAL_ADC_Init
 *fill*         0x0800431e        0x2 
 .text.HAL_ADC_Start
                0x08004320      0x1a4 ./Drivers/STM32F4xx_HAL_Driver/Src/stm32f4xx_hal_adc.o
                0x08004320                HAL_ADC_Start
 .text.HAL_ADC_Stop
                0x080044c4       0x66 ./Drivers/STM32F4xx_HAL_Driver/Src/stm32f4xx_hal_adc.o
                0x080044c4                HAL_ADC_Stop
 .text.HAL_ADC_PollForConversion
                0x0800452a      0x116 ./Drivers/STM32F4xx_HAL_Driver/Src/stm32f4xx_hal_adc.o
                0x0800452a                HAL_ADC_PollForConversion
 .text.HAL_ADC_GetValue
                0x08004640       0x1a ./Drivers/STM32F4xx_HAL_Driver/Src/stm32f4xx_hal_adc.o
                0x08004640                HAL_ADC_GetValue
 *fill*         0x0800465a        0x2 
 .text.HAL_ADC_ConfigChannel
                0x0800465c      0x244 ./Drivers/STM32F4xx_HAL_Driver/Src/stm32f4xx_hal_adc.o
                0x0800465c                HAL_ADC_ConfigChannel
 .text.ADC_Init
                0x080048a0      0x1f8 ./Drivers/STM32F4xx_HAL_Driver/Src/stm32f4xx_hal_adc.o
 .text.__NVIC_SetPriorityGrouping
                0x08004a98       0x48 ./Drivers/STM32F4xx_HAL_Driver/Src/stm32f4xx_hal_cortex.o
 .text.__NVIC_GetPriorityGrouping
                0x08004ae0       0x1c ./Drivers/STM32F4xx_HAL_Driver/Src/stm32f4xx_hal_cortex.o
 .text.__NVIC_EnableIRQ
                0x08004afc       0x3c ./Drivers/STM32F4xx_HAL_Driver/Src/stm32f4xx_hal_cortex.o
 .text.__NVIC_SetPriority
                0x08004b38       0x54 ./Drivers/STM32F4xx_HAL_Driver/Src/stm32f4xx_hal_cortex.o
 .text.NVIC_EncodePriority
                0x08004b8c       0x66 ./Drivers/STM32F4xx_HAL_Driver/Src/stm32f4xx_hal_cortex.o
 *fill*         0x08004bf2        0x2 
 .text.SysTick_Config
                0x08004bf4       0x44 ./Drivers/STM32F4xx_HAL_Driver/Src/stm32f4xx_hal_cortex.o
 .text.HAL_NVIC_SetPriorityGrouping
                0x08004c38       0x16 ./Drivers/STM32F4xx_HAL_Driver/Src/stm32f4xx_hal_cortex.o
                0x08004c38                HAL_NVIC_SetPriorityGrouping
 .text.HAL_NVIC_SetPriority
                0x08004c4e       0x38 ./Drivers/STM32F4xx_HAL_Driver/Src/stm32f4xx_hal_cortex.o
                0x08004c4e                HAL_NVIC_SetPriority
 .text.HAL_NVIC_EnableIRQ
                0x08004c86       0x1c ./Drivers/STM32F4xx_HAL_Driver/Src/stm32f4xx_hal_cortex.o
                0x08004c86                HAL_NVIC_EnableIRQ
 .text.HAL_SYSTICK_Config
                0x08004ca2       0x18 ./Drivers/STM32F4xx_HAL_Driver/Src/stm32f4xx_hal_cortex.o
                0x08004ca2                HAL_SYSTICK_Config
 .text.HAL_DMA_Abort
                0x08004cba       0xe0 ./Drivers/STM32F4xx_HAL_Driver/Src/stm32f4xx_hal_dma.o
                0x08004cba                HAL_DMA_Abort
 .text.HAL_DMA_Abort_IT
                0x08004d9a       0x44 ./Drivers/STM32F4xx_HAL_Driver/Src/stm32f4xx_hal_dma.o
                0x08004d9a                HAL_DMA_Abort_IT
 *fill*         0x08004dde        0x2 
 .text.HAL_GPIO_Init
                0x08004de0      0x338 ./Drivers/STM32F4xx_HAL_Driver/Src/stm32f4xx_hal_gpio.o
                0x08004de0                HAL_GPIO_Init
 .text.HAL_GPIO_ReadPin
                0x08005118       0x30 ./Drivers/STM32F4xx_HAL_Driver/Src/stm32f4xx_hal_gpio.o
                0x08005118                HAL_GPIO_ReadPin
 .text.HAL_GPIO_WritePin
                0x08005148       0x32 ./Drivers/STM32F4xx_HAL_Driver/Src/stm32f4xx_hal_gpio.o
                0x08005148                HAL_GPIO_WritePin
 .text.HAL_GPIO_TogglePin
                0x0800517a       0x34 ./Drivers/STM32F4xx_HAL_Driver/Src/stm32f4xx_hal_gpio.o
                0x0800517a                HAL_GPIO_TogglePin
 *fill*         0x080051ae        0x2 
 .text.HAL_I2C_Init
                0x080051b0      0x288 ./Drivers/STM32F4xx_HAL_Driver/Src/stm32f4xx_hal_i2c.o
                0x080051b0                HAL_I2C_Init
 .text.HAL_I2C_Mem_Write
                0x08005438      0x1f4 ./Drivers/STM32F4xx_HAL_Driver/Src/stm32f4xx_hal_i2c.o
                0x08005438                HAL_I2C_Mem_Write
 .text.HAL_I2C_Mem_Read
                0x0800562c      0x464 ./Drivers/STM32F4xx_HAL_Driver/Src/stm32f4xx_hal_i2c.o
                0x0800562c                HAL_I2C_Mem_Read
 .text.I2C_RequestMemoryWrite
                0x08005a90      0x12c ./Drivers/STM32F4xx_HAL_Driver/Src/stm32f4xx_hal_i2c.o
 .text.I2C_RequestMemoryRead
                0x08005bbc      0x1d0 ./Drivers/STM32F4xx_HAL_Driver/Src/stm32f4xx_hal_i2c.o
 .text.I2C_WaitOnFlagUntilTimeout
                0x08005d8c       0xf4 ./Drivers/STM32F4xx_HAL_Driver/Src/stm32f4xx_hal_i2c.o
 .text.I2C_WaitOnMasterAddressFlagUntilTimeout
                0x08005e80      0x140 ./Drivers/STM32F4xx_HAL_Driver/Src/stm32f4xx_hal_i2c.o
 .text.I2C_WaitOnTXEFlagUntilTimeout
                0x08005fc0       0x90 ./Drivers/STM32F4xx_HAL_Driver/Src/stm32f4xx_hal_i2c.o
 .text.I2C_WaitOnBTFFlagUntilTimeout
                0x08006050       0x90 ./Drivers/STM32F4xx_HAL_Driver/Src/stm32f4xx_hal_i2c.o
 .text.I2C_WaitOnRXNEFlagUntilTimeout
                0x080060e0       0xba ./Drivers/STM32F4xx_HAL_Driver/Src/stm32f4xx_hal_i2c.o
 .text.I2C_IsAcknowledgeFailed
                0x0800619a       0x5e ./Drivers/STM32F4xx_HAL_Driver/Src/stm32f4xx_hal_i2c.o
 .text.HAL_PWR_EnableBkUpAccess
                0x080061f8       0x28 ./Drivers/STM32F4xx_HAL_Driver/Src/stm32f4xx_hal_pwr.o
                0x080061f8                HAL_PWR_EnableBkUpAccess
 .text.HAL_PWR_DisableBkUpAccess
                0x08006220       0x28 ./Drivers/STM32F4xx_HAL_Driver/Src/stm32f4xx_hal_pwr.o
                0x08006220                HAL_PWR_DisableBkUpAccess
 .text.HAL_RCC_OscConfig
                0x08006248      0x4f0 ./Drivers/STM32F4xx_HAL_Driver/Src/stm32f4xx_hal_rcc.o
                0x08006248                HAL_RCC_OscConfig
 .text.HAL_RCC_ClockConfig
                0x08006738      0x1cc ./Drivers/STM32F4xx_HAL_Driver/Src/stm32f4xx_hal_rcc.o
                0x08006738                HAL_RCC_ClockConfig
 .text.HAL_RCC_GetSysClockFreq
                0x08006904      0x18c ./Drivers/STM32F4xx_HAL_Driver/Src/stm32f4xx_hal_rcc.o
                0x08006904                HAL_RCC_GetSysClockFreq
 .text.HAL_RCC_GetHCLKFreq
                0x08006a90       0x18 ./Drivers/STM32F4xx_HAL_Driver/Src/stm32f4xx_hal_rcc.o
                0x08006a90                HAL_RCC_GetHCLKFreq
 .text.HAL_RCC_GetPCLK1Freq
                0x08006aa8       0x28 ./Drivers/STM32F4xx_HAL_Driver/Src/stm32f4xx_hal_rcc.o
                0x08006aa8                HAL_RCC_GetPCLK1Freq
 .text.HAL_RCC_GetPCLK2Freq
                0x08006ad0       0x28 ./Drivers/STM32F4xx_HAL_Driver/Src/stm32f4xx_hal_rcc.o
                0x08006ad0                HAL_RCC_GetPCLK2Freq
 .text.HAL_TIM_PWM_Init
                0x08006af8       0x9e ./Drivers/STM32F4xx_HAL_Driver/Src/stm32f4xx_hal_tim.o
                0x08006af8                HAL_TIM_PWM_Init
 *fill*         0x08006b96        0x2 
 .text.HAL_TIM_PWM_Start
                0x08006b98      0x190 ./Drivers/STM32F4xx_HAL_Driver/Src/stm32f4xx_hal_tim.o
                0x08006b98                HAL_TIM_PWM_Start
 .text.HAL_TIM_Encoder_Init
                0x08006d28      0x14c ./Drivers/STM32F4xx_HAL_Driver/Src/stm32f4xx_hal_tim.o
                0x08006d28                HAL_TIM_Encoder_Init
 .text.HAL_TIM_Encoder_Start
                0x08006e74      0x11c ./Drivers/STM32F4xx_HAL_Driver/Src/stm32f4xx_hal_tim.o
                0x08006e74                HAL_TIM_Encoder_Start
 .text.HAL_TIM_PWM_ConfigChannel
                0x08006f90      0x184 ./Drivers/STM32F4xx_HAL_Driver/Src/stm32f4xx_hal_tim.o
                0x08006f90                HAL_TIM_PWM_ConfigChannel
 .text.TIM_Base_SetConfig
                0x08007114      0x158 ./Drivers/STM32F4xx_HAL_Driver/Src/stm32f4xx_hal_tim.o
                0x08007114                TIM_Base_SetConfig
 .text.TIM_OC1_SetConfig
                0x0800726c       0xe0 ./Drivers/STM32F4xx_HAL_Driver/Src/stm32f4xx_hal_tim.o
 .text.TIM_OC2_SetConfig
                0x0800734c       0xec ./Drivers/STM32F4xx_HAL_Driver/Src/stm32f4xx_hal_tim.o
                0x0800734c                TIM_OC2_SetConfig
 .text.TIM_OC3_SetConfig
                0x08007438       0xe8 ./Drivers/STM32F4xx_HAL_Driver/Src/stm32f4xx_hal_tim.o
 .text.TIM_OC4_SetConfig
                0x08007520       0xac ./Drivers/STM32F4xx_HAL_Driver/Src/stm32f4xx_hal_tim.o
 .text.TIM_CCxChannelCmd
                0x080075cc       0x4a ./Drivers/STM32F4xx_HAL_Driver/Src/stm32f4xx_hal_tim.o
                0x080075cc                TIM_CCxChannelCmd
 *fill*         0x08007616        0x2 
 .text.HAL_TIMEx_MasterConfigSynchronization
                0x08007618       0xf8 ./Drivers/STM32F4xx_HAL_Driver/Src/stm32f4xx_hal_tim_ex.o
                0x08007618                HAL_TIMEx_MasterConfigSynchronization
 .text.HAL_TIMEx_ConfigBreakDeadTime
                0x08007710       0xa4 ./Drivers/STM32F4xx_HAL_Driver/Src/stm32f4xx_hal_tim_ex.o
                0x08007710                HAL_TIMEx_ConfigBreakDeadTime
 .text.HAL_UART_Init
                0x080077b4       0xa0 ./Drivers/STM32F4xx_HAL_Driver/Src/stm32f4xx_hal_uart.o
                0x080077b4                HAL_UART_Init
 .text.HAL_UART_Transmit
                0x08007854      0x116 ./Drivers/STM32F4xx_HAL_Driver/Src/stm32f4xx_hal_uart.o
                0x08007854                HAL_UART_Transmit
 .text.HAL_UART_Receive_IT
                0x0800796a       0x4a ./Drivers/STM32F4xx_HAL_Driver/Src/stm32f4xx_hal_uart.o
                0x0800796a                HAL_UART_Receive_IT
 .text.HAL_UART_IRQHandler
                0x080079b4      0x524 ./Drivers/STM32F4xx_HAL_Driver/Src/stm32f4xx_hal_uart.o
                0x080079b4                HAL_UART_IRQHandler
 .text.HAL_UART_TxCpltCallback
                0x08007ed8       0x14 ./Drivers/STM32F4xx_HAL_Driver/Src/stm32f4xx_hal_uart.o
                0x08007ed8                HAL_UART_TxCpltCallback
 .text.HAL_UART_ErrorCallback
                0x08007eec       0x14 ./Drivers/STM32F4xx_HAL_Driver/Src/stm32f4xx_hal_uart.o
                0x08007eec                HAL_UART_ErrorCallback
 .text.HAL_UARTEx_RxEventCallback
                0x08007f00       0x18 ./Drivers/STM32F4xx_HAL_Driver/Src/stm32f4xx_hal_uart.o
                0x08007f00                HAL_UARTEx_RxEventCallback
 .text.UART_WaitOnFlagUntilTimeout
                0x08007f18       0xb2 ./Drivers/STM32F4xx_HAL_Driver/Src/stm32f4xx_hal_uart.o
 .text.UART_Start_Receive_IT
                0x08007fca       0x74 ./Drivers/STM32F4xx_HAL_Driver/Src/stm32f4xx_hal_uart.o
                0x08007fca                UART_Start_Receive_IT
 .text.UART_EndRxTransfer
                0x0800803e       0xc6 ./Drivers/STM32F4xx_HAL_Driver/Src/stm32f4xx_hal_uart.o
 .text.UART_DMAAbortOnError
                0x08008104       0x28 ./Drivers/STM32F4xx_HAL_Driver/Src/stm32f4xx_hal_uart.o
 .text.UART_Transmit_IT
                0x0800812c       0xa0 ./Drivers/STM32F4xx_HAL_Driver/Src/stm32f4xx_hal_uart.o
 .text.UART_EndTransmit_IT
                0x080081cc       0x30 ./Drivers/STM32F4xx_HAL_Driver/Src/stm32f4xx_hal_uart.o
 .text.UART_Receive_IT
                0x080081fc      0x17c ./Drivers/STM32F4xx_HAL_Driver/Src/stm32f4xx_hal_uart.o
 .text.UART_SetConfig
                0x08008378      0x4e8 ./Drivers/STM32F4xx_HAL_Driver/Src/stm32f4xx_hal_uart.o
 .text.__NVIC_SetPriority
                0x08008860       0x54 ./Middlewares/Third_Party/FreeRTOS/Source/CMSIS_RTOS_V2/cmsis_os2.o
 .text.SVC_Setup
                0x080088b4       0x12 ./Middlewares/Third_Party/FreeRTOS/Source/CMSIS_RTOS_V2/cmsis_os2.o
 *fill*         0x080088c6        0x2 
 .text.osKernelInitialize
                0x080088c8       0x48 ./Middlewares/Third_Party/FreeRTOS/Source/CMSIS_RTOS_V2/cmsis_os2.o
                0x080088c8                osKernelInitialize
 .text.osKernelStart
                0x08008910       0x4c ./Middlewares/Third_Party/FreeRTOS/Source/CMSIS_RTOS_V2/cmsis_os2.o
                0x08008910                osKernelStart
 .text.osThreadNew
                0x0800895c      0x124 ./Middlewares/Third_Party/FreeRTOS/Source/CMSIS_RTOS_V2/cmsis_os2.o
                0x0800895c                osThreadNew
 .text.osDelay  0x08008a80       0x36 ./Middlewares/Third_Party/FreeRTOS/Source/CMSIS_RTOS_V2/cmsis_os2.o
                0x08008a80                osDelay
 .text.osMutexNew
                0x08008ab6      0x10c ./Middlewares/Third_Party/FreeRTOS/Source/CMSIS_RTOS_V2/cmsis_os2.o
                0x08008ab6                osMutexNew
 .text.osMutexAcquire
                0x08008bc2       0x96 ./Middlewares/Third_Party/FreeRTOS/Source/CMSIS_RTOS_V2/cmsis_os2.o
                0x08008bc2                osMutexAcquire
 .text.osMutexRelease
                0x08008c58       0x7a ./Middlewares/Third_Party/FreeRTOS/Source/CMSIS_RTOS_V2/cmsis_os2.o
                0x08008c58                osMutexRelease
 *fill*         0x08008cd2        0x2 
 .text.vApplicationGetIdleTaskMemory
                0x08008cd4       0x34 ./Middlewares/Third_Party/FreeRTOS/Source/CMSIS_RTOS_V2/cmsis_os2.o
                0x08008cd4                vApplicationGetIdleTaskMemory
 .text.vApplicationGetTimerTaskMemory
                0x08008d08       0x34 ./Middlewares/Third_Party/FreeRTOS/Source/CMSIS_RTOS_V2/cmsis_os2.o
                0x08008d08                vApplicationGetTimerTaskMemory
 .text.vListInitialise
                0x08008d3c       0x40 ./Middlewares/Third_Party/FreeRTOS/Source/list.o
                0x08008d3c                vListInitialise
 .text.vListInitialiseItem
                0x08008d7c       0x1a ./Middlewares/Third_Party/FreeRTOS/Source/list.o
                0x08008d7c                vListInitialiseItem
 .text.vListInsertEnd
                0x08008d96       0x48 ./Middlewares/Third_Party/FreeRTOS/Source/list.o
                0x08008d96                vListInsertEnd
 .text.vListInsert
                0x08008dde       0x72 ./Middlewares/Third_Party/FreeRTOS/Source/list.o
                0x08008dde                vListInsert
 .text.uxListRemove
                0x08008e50       0x54 ./Middlewares/Third_Party/FreeRTOS/Source/list.o
                0x08008e50                uxListRemove
 .text.xQueueGenericReset
                0x08008ea4       0xd4 ./Middlewares/Third_Party/FreeRTOS/Source/queue.o
                0x08008ea4                xQueueGenericReset
 .text.xQueueGenericCreateStatic
                0x08008f78       0xfa ./Middlewares/Third_Party/FreeRTOS/Source/queue.o
                0x08008f78                xQueueGenericCreateStatic
 .text.xQueueGenericCreate
                0x08009072       0x76 ./Middlewares/Third_Party/FreeRTOS/Source/queue.o
                0x08009072                xQueueGenericCreate
 .text.prvInitialiseNewQueue
                0x080090e8       0x46 ./Middlewares/Third_Party/FreeRTOS/Source/queue.o
 .text.prvInitialiseMutex
                0x0800912e       0x34 ./Middlewares/Third_Party/FreeRTOS/Source/queue.o
 .text.xQueueCreateMutex
                0x08009162       0x30 ./Middlewares/Third_Party/FreeRTOS/Source/queue.o
                0x08009162                xQueueCreateMutex
 .text.xQueueCreateMutexStatic
                0x08009192       0x36 ./Middlewares/Third_Party/FreeRTOS/Source/queue.o
                0x08009192                xQueueCreateMutexStatic
 .text.xQueueGiveMutexRecursive
                0x080091c8       0x6a ./Middlewares/Third_Party/FreeRTOS/Source/queue.o
                0x080091c8                xQueueGiveMutexRecursive
 .text.xQueueTakeMutexRecursive
                0x08009232       0x6e ./Middlewares/Third_Party/FreeRTOS/Source/queue.o
                0x08009232                xQueueTakeMutexRecursive
 .text.xQueueGenericSend
                0x080092a0      0x204 ./Middlewares/Third_Party/FreeRTOS/Source/queue.o
                0x080092a0                xQueueGenericSend
 .text.xQueueGenericSendFromISR
                0x080094a4      0x13c ./Middlewares/Third_Party/FreeRTOS/Source/queue.o
                0x080094a4                xQueueGenericSendFromISR
 .text.xQueueReceive
                0x080095e0      0x1c4 ./Middlewares/Third_Party/FreeRTOS/Source/queue.o
                0x080095e0                xQueueReceive
 .text.xQueueSemaphoreTake
                0x080097a4      0x220 ./Middlewares/Third_Party/FreeRTOS/Source/queue.o
                0x080097a4                xQueueSemaphoreTake
 .text.prvGetDisinheritPriorityAfterTimeout
                0x080099c4       0x30 ./Middlewares/Third_Party/FreeRTOS/Source/queue.o
 .text.prvCopyDataToQueue
                0x080099f4       0xd4 ./Middlewares/Third_Party/FreeRTOS/Source/queue.o
 .text.prvCopyDataFromQueue
                0x08009ac8       0x4c ./Middlewares/Third_Party/FreeRTOS/Source/queue.o
 .text.prvUnlockQueue
                0x08009b14       0xa4 ./Middlewares/Third_Party/FreeRTOS/Source/queue.o
 .text.prvIsQueueEmpty
                0x08009bb8       0x2c ./Middlewares/Third_Party/FreeRTOS/Source/queue.o
 .text.prvIsQueueFull
                0x08009be4       0x30 ./Middlewares/Third_Party/FreeRTOS/Source/queue.o
 .text.vQueueAddToRegistry
                0x08009c14       0x54 ./Middlewares/Third_Party/FreeRTOS/Source/queue.o
                0x08009c14                vQueueAddToRegistry
 .text.vQueueWaitForMessageRestricted
                0x08009c68       0x68 ./Middlewares/Third_Party/FreeRTOS/Source/queue.o
                0x08009c68                vQueueWaitForMessageRestricted
 .text.xTaskCreateStatic
                0x08009cd0       0xc0 ./Middlewares/Third_Party/FreeRTOS/Source/tasks.o
                0x08009cd0                xTaskCreateStatic
 .text.xTaskCreate
                0x08009d90       0x8a ./Middlewares/Third_Party/FreeRTOS/Source/tasks.o
                0x08009d90                xTaskCreate
 .text.prvInitialiseNewTask
                0x08009e1a      0x120 ./Middlewares/Third_Party/FreeRTOS/Source/tasks.o
 *fill*         0x08009f3a        0x2 
 .text.prvAddNewTaskToReadyList
                0x08009f3c       0xe0 ./Middlewares/Third_Party/FreeRTOS/Source/tasks.o
 .text.vTaskDelay
                0x0800a01c       0x6c ./Middlewares/Third_Party/FreeRTOS/Source/tasks.o
                0x0800a01c                vTaskDelay
 .text.vTaskStartScheduler
                0x0800a088       0xd0 ./Middlewares/Third_Party/FreeRTOS/Source/tasks.o
                0x0800a088                vTaskStartScheduler
 .text.vTaskSuspendAll
                0x0800a158       0x1c ./Middlewares/Third_Party/FreeRTOS/Source/tasks.o
                0x0800a158                vTaskSuspendAll
 .text.xTaskResumeAll
                0x0800a174      0x13c ./Middlewares/Third_Party/FreeRTOS/Source/tasks.o
                0x0800a174                xTaskResumeAll
 .text.xTaskGetTickCount
                0x0800a2b0       0x20 ./Middlewares/Third_Party/FreeRTOS/Source/tasks.o
                0x0800a2b0                xTaskGetTickCount
 .text.xTaskIncrementTick
                0x0800a2d0      0x174 ./Middlewares/Third_Party/FreeRTOS/Source/tasks.o
                0x0800a2d0                xTaskIncrementTick
 .text.vTaskSwitchContext
                0x0800a444       0xbc ./Middlewares/Third_Party/FreeRTOS/Source/tasks.o
                0x0800a444                vTaskSwitchContext
 .text.vTaskPlaceOnEventList
                0x0800a500       0x4c ./Middlewares/Third_Party/FreeRTOS/Source/tasks.o
                0x0800a500                vTaskPlaceOnEventList
 .text.vTaskPlaceOnEventListRestricted
                0x0800a54c       0x58 ./Middlewares/Third_Party/FreeRTOS/Source/tasks.o
                0x0800a54c                vTaskPlaceOnEventListRestricted
 .text.xTaskRemoveFromEventList
                0x0800a5a4       0xc8 ./Middlewares/Third_Party/FreeRTOS/Source/tasks.o
                0x0800a5a4                xTaskRemoveFromEventList
 .text.vTaskInternalSetTimeOutState
                0x0800a66c       0x2c ./Middlewares/Third_Party/FreeRTOS/Source/tasks.o
                0x0800a66c                vTaskInternalSetTimeOutState
 .text.xTaskCheckForTimeOut
                0x0800a698       0xc8 ./Middlewares/Third_Party/FreeRTOS/Source/tasks.o
                0x0800a698                xTaskCheckForTimeOut
 .text.vTaskMissedYield
                0x0800a760       0x18 ./Middlewares/Third_Party/FreeRTOS/Source/tasks.o
                0x0800a760                vTaskMissedYield
 .text.prvIdleTask
                0x0800a778       0x30 ./Middlewares/Third_Party/FreeRTOS/Source/tasks.o
 .text.prvInitialiseTaskLists
                0x0800a7a8       0x80 ./Middlewares/Third_Party/FreeRTOS/Source/tasks.o
 .text.prvCheckTasksWaitingTermination
                0x0800a828       0x5c ./Middlewares/Third_Party/FreeRTOS/Source/tasks.o
 .text.prvDeleteTCB
                0x0800a884       0x60 ./Middlewares/Third_Party/FreeRTOS/Source/tasks.o
 .text.prvResetNextTaskUnblockTime
                0x0800a8e4       0x40 ./Middlewares/Third_Party/FreeRTOS/Source/tasks.o
 .text.xTaskGetCurrentTaskHandle
                0x0800a924       0x20 ./Middlewares/Third_Party/FreeRTOS/Source/tasks.o
                0x0800a924                xTaskGetCurrentTaskHandle
 .text.xTaskGetSchedulerState
                0x0800a944       0x3c ./Middlewares/Third_Party/FreeRTOS/Source/tasks.o
                0x0800a944                xTaskGetSchedulerState
 .text.xTaskPriorityInherit
                0x0800a980       0xd0 ./Middlewares/Third_Party/FreeRTOS/Source/tasks.o
                0x0800a980                xTaskPriorityInherit
 .text.xTaskPriorityDisinherit
                0x0800aa50       0xe0 ./Middlewares/Third_Party/FreeRTOS/Source/tasks.o
                0x0800aa50                xTaskPriorityDisinherit
 .text.vTaskPriorityDisinheritAfterTimeout
                0x0800ab30      0x108 ./Middlewares/Third_Party/FreeRTOS/Source/tasks.o
                0x0800ab30                vTaskPriorityDisinheritAfterTimeout
 .text.pvTaskIncrementMutexHeldCount
                0x0800ac38       0x28 ./Middlewares/Third_Party/FreeRTOS/Source/tasks.o
                0x0800ac38                pvTaskIncrementMutexHeldCount
 .text.prvAddCurrentTaskToDelayedList
                0x0800ac60       0xa8 ./Middlewares/Third_Party/FreeRTOS/Source/tasks.o
 .text.xTimerCreateTimerTask
                0x0800ad08       0x94 ./Middlewares/Third_Party/FreeRTOS/Source/timers.o
                0x0800ad08                xTimerCreateTimerTask
 .text.xTimerGenericCommand
                0x0800ad9c       0x9c ./Middlewares/Third_Party/FreeRTOS/Source/timers.o
                0x0800ad9c                xTimerGenericCommand
 .text.prvProcessExpiredTimer
                0x0800ae38       0x9c ./Middlewares/Third_Party/FreeRTOS/Source/timers.o
 .text.prvTimerTask
                0x0800aed4       0x26 ./Middlewares/Third_Party/FreeRTOS/Source/timers.o
 *fill*         0x0800aefa        0x2 
 .text.prvProcessTimerOrBlockTask
                0x0800aefc       0x9c ./Middlewares/Third_Party/FreeRTOS/Source/timers.o
 .text.prvGetNextExpireTime
                0x0800af98       0x48 ./Middlewares/Third_Party/FreeRTOS/Source/timers.o
 .text.prvSampleTimeNow
                0x0800afe0       0x40 ./Middlewares/Third_Party/FreeRTOS/Source/timers.o
 .text.prvInsertTimerInActiveList
                0x0800b020       0x84 ./Middlewares/Third_Party/FreeRTOS/Source/timers.o
 .text.prvProcessReceivedCommands
                0x0800b0a4      0x1cc ./Middlewares/Third_Party/FreeRTOS/Source/timers.o
 .text.prvSwitchTimerLists
                0x0800b270       0xcc ./Middlewares/Third_Party/FreeRTOS/Source/timers.o
 .text.prvCheckForValidListAndQueue
                0x0800b33c       0x80 ./Middlewares/Third_Party/FreeRTOS/Source/timers.o
 .text.pxPortInitialiseStack
                0x0800b3bc       0x68 ./Middlewares/Third_Party/FreeRTOS/Source/portable/GCC/ARM_CM4F/port.o
                0x0800b3bc                pxPortInitialiseStack
 .text.prvTaskExitError
                0x0800b424       0x5c ./Middlewares/Third_Party/FreeRTOS/Source/portable/GCC/ARM_CM4F/port.o
 .text.SVC_Handler
                0x0800b480       0x28 ./Middlewares/Third_Party/FreeRTOS/Source/portable/GCC/ARM_CM4F/port.o
                0x0800b480                SVC_Handler
 .text.prvPortStartFirstTask
                0x0800b4a8       0x28 ./Middlewares/Third_Party/FreeRTOS/Source/portable/GCC/ARM_CM4F/port.o
 .text.xPortStartScheduler
                0x0800b4d0      0x148 ./Middlewares/Third_Party/FreeRTOS/Source/portable/GCC/ARM_CM4F/port.o
                0x0800b4d0                xPortStartScheduler
 .text.vPortEnterCritical
                0x0800b618       0x64 ./Middlewares/Third_Party/FreeRTOS/Source/portable/GCC/ARM_CM4F/port.o
                0x0800b618                vPortEnterCritical
 .text.vPortExitCritical
                0x0800b67c       0x54 ./Middlewares/Third_Party/FreeRTOS/Source/portable/GCC/ARM_CM4F/port.o
                0x0800b67c                vPortExitCritical
 .text.PendSV_Handler
                0x0800b6d0       0x68 ./Middlewares/Third_Party/FreeRTOS/Source/portable/GCC/ARM_CM4F/port.o
                0x0800b6d0                PendSV_Handler
 .text.xPortSysTickHandler
                0x0800b738       0x44 ./Middlewares/Third_Party/FreeRTOS/Source/portable/GCC/ARM_CM4F/port.o
                0x0800b738                xPortSysTickHandler
 .text.vPortSetupTimerInterrupt
                0x0800b77c       0x48 ./Middlewares/Third_Party/FreeRTOS/Source/portable/GCC/ARM_CM4F/port.o
                0x0800b77c                vPortSetupTimerInterrupt
 .text.vPortEnableVFP
                0x0800b7c4       0x14 ./Middlewares/Third_Party/FreeRTOS/Source/portable/GCC/ARM_CM4F/port.o
 .text.vPortValidateInterruptPriority
                0x0800b7d8       0x84 ./Middlewares/Third_Party/FreeRTOS/Source/portable/GCC/ARM_CM4F/port.o
                0x0800b7d8                vPortValidateInterruptPriority
 .text.pvPortMalloc
                0x0800b85c      0x19c ./Middlewares/Third_Party/FreeRTOS/Source/portable/MemMang/heap_4.o
                0x0800b85c                pvPortMalloc
 .text.vPortFree
                0x0800b9f8       0xc8 ./Middlewares/Third_Party/FreeRTOS/Source/portable/MemMang/heap_4.o
                0x0800b9f8                vPortFree
 .text.prvHeapInit
                0x0800bac0       0xc4 ./Middlewares/Third_Party/FreeRTOS/Source/portable/MemMang/heap_4.o
 .text.prvInsertBlockIntoFreeList
                0x0800bb84       0xb4 ./Middlewares/Third_Party/FreeRTOS/Source/portable/MemMang/heap_4.o
 .text.atoi     0x0800bc38        0x8 /Applications/STM32CubeIDE.app/Contents/Eclipse/plugins/com.st.stm32cube.ide.mcu.externaltools.gnu-tools-for-stm32.12.3.rel1.macos64_1.1.0.202410301201/tools/bin/../lib/gcc/arm-none-eabi/12.3.1/../../../../arm-none-eabi/lib/thumb/v7e-m+fp/hard/libc_nano.a(libc_a-atoi.o)
                0x0800bc38                atoi
 .text.__cvt    0x0800bc40       0xca /Applications/STM32CubeIDE.app/Contents/Eclipse/plugins/com.st.stm32cube.ide.mcu.externaltools.gnu-tools-for-stm32.12.3.rel1.macos64_1.1.0.202410301201/tools/bin/../lib/gcc/arm-none-eabi/12.3.1/../../../../arm-none-eabi/lib/thumb/v7e-m+fp/hard/libc_nano.a(libc_a-nano-vfprintf_float.o)
                0x0800bc40                __cvt
 .text.__exponent
                0x0800bd0a       0x74 /Applications/STM32CubeIDE.app/Contents/Eclipse/plugins/com.st.stm32cube.ide.mcu.externaltools.gnu-tools-for-stm32.12.3.rel1.macos64_1.1.0.202410301201/tools/bin/../lib/gcc/arm-none-eabi/12.3.1/../../../../arm-none-eabi/lib/thumb/v7e-m+fp/hard/libc_nano.a(libc_a-nano-vfprintf_float.o)
                0x0800bd0a                __exponent
 *fill*         0x0800bd7e        0x2 
 .text._printf_float
                0x0800bd80      0x454 /Applications/STM32CubeIDE.app/Contents/Eclipse/plugins/com.st.stm32cube.ide.mcu.externaltools.gnu-tools-for-stm32.12.3.rel1.macos64_1.1.0.202410301201/tools/bin/../lib/gcc/arm-none-eabi/12.3.1/../../../../arm-none-eabi/lib/thumb/v7e-m+fp/hard/libc_nano.a(libc_a-nano-vfprintf_float.o)
                0x0800bd80                _printf_float
 .text._printf_common
                0x0800c1d4       0xda /Applications/STM32CubeIDE.app/Contents/Eclipse/plugins/com.st.stm32cube.ide.mcu.externaltools.gnu-tools-for-stm32.12.3.rel1.macos64_1.1.0.202410301201/tools/bin/../lib/gcc/arm-none-eabi/12.3.1/../../../../arm-none-eabi/lib/thumb/v7e-m+fp/hard/libc_nano.a(libc_a-nano-vfprintf_i.o)
                0x0800c1d4                _printf_common
 *fill*         0x0800c2ae        0x2 
 .text._printf_i
                0x0800c2b0      0x240 /Applications/STM32CubeIDE.app/Contents/Eclipse/plugins/com.st.stm32cube.ide.mcu.externaltools.gnu-tools-for-stm32.12.3.rel1.macos64_1.1.0.202410301201/tools/bin/../lib/gcc/arm-none-eabi/12.3.1/../../../../arm-none-eabi/lib/thumb/v7e-m+fp/hard/libc_nano.a(libc_a-nano-vfprintf_i.o)
                0x0800c2b0                _printf_i
 .text.snprintf
                0x0800c4f0       0x68 /Applications/STM32CubeIDE.app/Contents/Eclipse/plugins/com.st.stm32cube.ide.mcu.externaltools.gnu-tools-for-stm32.12.3.rel1.macos64_1.1.0.202410301201/tools/bin/../lib/gcc/arm-none-eabi/12.3.1/../../../../arm-none-eabi/lib/thumb/v7e-m+fp/hard/libc_nano.a(libc_a-snprintf.o)
                0x0800c4f0                snprintf
                0x0800c4f0                sniprintf
 .text.sprintf  0x0800c558       0x40 /Applications/STM32CubeIDE.app/Contents/Eclipse/plugins/com.st.stm32cube.ide.mcu.externaltools.gnu-tools-for-stm32.12.3.rel1.macos64_1.1.0.202410301201/tools/bin/../lib/gcc/arm-none-eabi/12.3.1/../../../../arm-none-eabi/lib/thumb/v7e-m+fp/hard/libc_nano.a(libc_a-sprintf.o)
                0x0800c558                sprintf
                0x0800c558                siprintf
 .text.std      0x0800c598       0x6c /Applications/STM32CubeIDE.app/Contents/Eclipse/plugins/com.st.stm32cube.ide.mcu.externaltools.gnu-tools-for-stm32.12.3.rel1.macos64_1.1.0.202410301201/tools/bin/../lib/gcc/arm-none-eabi/12.3.1/../../../../arm-none-eabi/lib/thumb/v7e-m+fp/hard/libc_nano.a(libc_a-findfp.o)
 .text.stdio_exit_handler
                0x0800c604       0x18 /Applications/STM32CubeIDE.app/Contents/Eclipse/plugins/com.st.stm32cube.ide.mcu.externaltools.gnu-tools-for-stm32.12.3.rel1.macos64_1.1.0.202410301201/tools/bin/../lib/gcc/arm-none-eabi/12.3.1/../../../../arm-none-eabi/lib/thumb/v7e-m+fp/hard/libc_nano.a(libc_a-findfp.o)
 .text.cleanup_stdio
                0x0800c61c       0x40 /Applications/STM32CubeIDE.app/Contents/Eclipse/plugins/com.st.stm32cube.ide.mcu.externaltools.gnu-tools-for-stm32.12.3.rel1.macos64_1.1.0.202410301201/tools/bin/../lib/gcc/arm-none-eabi/12.3.1/../../../../arm-none-eabi/lib/thumb/v7e-m+fp/hard/libc_nano.a(libc_a-findfp.o)
 .text.global_stdio_init.part.0
                0x0800c65c       0x3c /Applications/STM32CubeIDE.app/Contents/Eclipse/plugins/com.st.stm32cube.ide.mcu.externaltools.gnu-tools-for-stm32.12.3.rel1.macos64_1.1.0.202410301201/tools/bin/../lib/gcc/arm-none-eabi/12.3.1/../../../../arm-none-eabi/lib/thumb/v7e-m+fp/hard/libc_nano.a(libc_a-findfp.o)
 .text.__sfp_lock_acquire
                0x0800c698        0xc /Applications/STM32CubeIDE.app/Contents/Eclipse/plugins/com.st.stm32cube.ide.mcu.externaltools.gnu-tools-for-stm32.12.3.rel1.macos64_1.1.0.202410301201/tools/bin/../lib/gcc/arm-none-eabi/12.3.1/../../../../arm-none-eabi/lib/thumb/v7e-m+fp/hard/libc_nano.a(libc_a-findfp.o)
                0x0800c698                __sfp_lock_acquire
 .text.__sfp_lock_release
                0x0800c6a4        0xc /Applications/STM32CubeIDE.app/Contents/Eclipse/plugins/com.st.stm32cube.ide.mcu.externaltools.gnu-tools-for-stm32.12.3.rel1.macos64_1.1.0.202410301201/tools/bin/../lib/gcc/arm-none-eabi/12.3.1/../../../../arm-none-eabi/lib/thumb/v7e-m+fp/hard/libc_nano.a(libc_a-findfp.o)
                0x0800c6a4                __sfp_lock_release
 .text.__sinit  0x0800c6b0       0x30 /Applications/STM32CubeIDE.app/Contents/Eclipse/plugins/com.st.stm32cube.ide.mcu.externaltools.gnu-tools-for-stm32.12.3.rel1.macos64_1.1.0.202410301201/tools/bin/../lib/gcc/arm-none-eabi/12.3.1/../../../../arm-none-eabi/lib/thumb/v7e-m+fp/hard/libc_nano.a(libc_a-findfp.o)
                0x0800c6b0                __sinit
 .text._strtol_l.constprop.0
                0x0800c6e0       0xf4 /Applications/STM32CubeIDE.app/Contents/Eclipse/plugins/com.st.stm32cube.ide.mcu.externaltools.gnu-tools-for-stm32.12.3.rel1.macos64_1.1.0.202410301201/tools/bin/../lib/gcc/arm-none-eabi/12.3.1/../../../../arm-none-eabi/lib/thumb/v7e-m+fp/hard/libc_nano.a(libc_a-strtol.o)
 .text.strtol   0x0800c7d4       0x14 /Applications/STM32CubeIDE.app/Contents/Eclipse/plugins/com.st.stm32cube.ide.mcu.externaltools.gnu-tools-for-stm32.12.3.rel1.macos64_1.1.0.202410301201/tools/bin/../lib/gcc/arm-none-eabi/12.3.1/../../../../arm-none-eabi/lib/thumb/v7e-m+fp/hard/libc_nano.a(libc_a-strtol.o)
                0x0800c7d4                strtol
 .text._fwalk_sglue
                0x0800c7e8       0x3c /Applications/STM32CubeIDE.app/Contents/Eclipse/plugins/com.st.stm32cube.ide.mcu.externaltools.gnu-tools-for-stm32.12.3.rel1.macos64_1.1.0.202410301201/tools/bin/../lib/gcc/arm-none-eabi/12.3.1/../../../../arm-none-eabi/lib/thumb/v7e-m+fp/hard/libc_nano.a(libc_a-fwalk.o)
                0x0800c7e8                _fwalk_sglue
 .text.strncpy  0x0800c824       0x26 /Applications/STM32CubeIDE.app/Contents/Eclipse/plugins/com.st.stm32cube.ide.mcu.externaltools.gnu-tools-for-stm32.12.3.rel1.macos64_1.1.0.202410301201/tools/bin/../lib/gcc/arm-none-eabi/12.3.1/../../../../arm-none-eabi/lib/thumb/v7e-m+fp/hard/libc_nano.a(libc_a-strncpy.o)
                0x0800c824                strncpy
 .text.memset   0x0800c84a       0x10 /Applications/STM32CubeIDE.app/Contents/Eclipse/plugins/com.st.stm32cube.ide.mcu.externaltools.gnu-tools-for-stm32.12.3.rel1.macos64_1.1.0.202410301201/tools/bin/../lib/gcc/arm-none-eabi/12.3.1/../../../../arm-none-eabi/lib/thumb/v7e-m+fp/hard/libc_nano.a(libc_a-memset.o)
                0x0800c84a                memset
 *fill*         0x0800c85a        0x2 
 .text._localeconv_r
                0x0800c85c        0x8 /Applications/STM32CubeIDE.app/Contents/Eclipse/plugins/com.st.stm32cube.ide.mcu.externaltools.gnu-tools-for-stm32.12.3.rel1.macos64_1.1.0.202410301201/tools/bin/../lib/gcc/arm-none-eabi/12.3.1/../../../../arm-none-eabi/lib/thumb/v7e-m+fp/hard/libc_nano.a(libc_a-localeconv.o)
                0x0800c85c                _localeconv_r
 .text.__errno  0x0800c864        0xc /Applications/STM32CubeIDE.app/Contents/Eclipse/plugins/com.st.stm32cube.ide.mcu.externaltools.gnu-tools-for-stm32.12.3.rel1.macos64_1.1.0.202410301201/tools/bin/../lib/gcc/arm-none-eabi/12.3.1/../../../../arm-none-eabi/lib/thumb/v7e-m+fp/hard/libc_nano.a(libc_a-errno.o)
                0x0800c864                __errno
 .text.__libc_init_array
                0x0800c870       0x48 /Applications/STM32CubeIDE.app/Contents/Eclipse/plugins/com.st.stm32cube.ide.mcu.externaltools.gnu-tools-for-stm32.12.3.rel1.macos64_1.1.0.202410301201/tools/bin/../lib/gcc/arm-none-eabi/12.3.1/../../../../arm-none-eabi/lib/thumb/v7e-m+fp/hard/libc_nano.a(libc_a-init.o)
                0x0800c870                __libc_init_array
 .text.__retarget_lock_init_recursive
                0x0800c8b8        0x2 /Applications/STM32CubeIDE.app/Contents/Eclipse/plugins/com.st.stm32cube.ide.mcu.externaltools.gnu-tools-for-stm32.12.3.rel1.macos64_1.1.0.202410301201/tools/bin/../lib/gcc/arm-none-eabi/12.3.1/../../../../arm-none-eabi/lib/thumb/v7e-m+fp/hard/libc_nano.a(libc_a-lock.o)
                0x0800c8b8                __retarget_lock_init_recursive
 .text.__retarget_lock_acquire_recursive
                0x0800c8ba        0x2 /Applications/STM32CubeIDE.app/Contents/Eclipse/plugins/com.st.stm32cube.ide.mcu.externaltools.gnu-tools-for-stm32.12.3.rel1.macos64_1.1.0.202410301201/tools/bin/../lib/gcc/arm-none-eabi/12.3.1/../../../../arm-none-eabi/lib/thumb/v7e-m+fp/hard/libc_nano.a(libc_a-lock.o)
                0x0800c8ba                __retarget_lock_acquire_recursive
 .text.__retarget_lock_release_recursive
                0x0800c8bc        0x2 /Applications/STM32CubeIDE.app/Contents/Eclipse/plugins/com.st.stm32cube.ide.mcu.externaltools.gnu-tools-for-stm32.12.3.rel1.macos64_1.1.0.202410301201/tools/bin/../lib/gcc/arm-none-eabi/12.3.1/../../../../arm-none-eabi/lib/thumb/v7e-m+fp/hard/libc_nano.a(libc_a-lock.o)
                0x0800c8bc                __retarget_lock_release_recursive
 .text.memcpy   0x0800c8be       0x1c /Applications/STM32CubeIDE.app/Contents/Eclipse/plugins/com.st.stm32cube.ide.mcu.externaltools.gnu-tools-for-stm32.12.3.rel1.macos64_1.1.0.202410301201/tools/bin/../lib/gcc/arm-none-eabi/12.3.1/../../../../arm-none-eabi/lib/thumb/v7e-m+fp/hard/libc_nano.a(libc_a-memcpy-stub.o)
                0x0800c8be                memcpy
 .text.quorem   0x0800c8da      0x110 /Applications/STM32CubeIDE.app/Contents/Eclipse/plugins/com.st.stm32cube.ide.mcu.externaltools.gnu-tools-for-stm32.12.3.rel1.macos64_1.1.0.202410301201/tools/bin/../lib/gcc/arm-none-eabi/12.3.1/../../../../arm-none-eabi/lib/thumb/v7e-m+fp/hard/libc_nano.a(libc_a-dtoa.o)
 *fill*         0x0800c9ea        0x6 
 .text._dtoa_r  0x0800c9f0      0xb88 /Applications/STM32CubeIDE.app/Contents/Eclipse/plugins/com.st.stm32cube.ide.mcu.externaltools.gnu-tools-for-stm32.12.3.rel1.macos64_1.1.0.202410301201/tools/bin/../lib/gcc/arm-none-eabi/12.3.1/../../../../arm-none-eabi/lib/thumb/v7e-m+fp/hard/libc_nano.a(libc_a-dtoa.o)
                0x0800c9f0                _dtoa_r
 .text.__ssputs_r
                0x0800d578       0xb6 /Applications/STM32CubeIDE.app/Contents/Eclipse/plugins/com.st.stm32cube.ide.mcu.externaltools.gnu-tools-for-stm32.12.3.rel1.macos64_1.1.0.202410301201/tools/bin/../lib/gcc/arm-none-eabi/12.3.1/../../../../arm-none-eabi/lib/thumb/v7e-m+fp/hard/libc_nano.a(libc_a-nano-svfprintf.o)
                0x0800d578                __ssputs_r
 *fill*         0x0800d62e        0x2 
 .text._svfprintf_r
                0x0800d630      0x1f8 /Applications/STM32CubeIDE.app/Contents/Eclipse/plugins/com.st.stm32cube.ide.mcu.externaltools.gnu-tools-for-stm32.12.3.rel1.macos64_1.1.0.202410301201/tools/bin/../lib/gcc/arm-none-eabi/12.3.1/../../../../arm-none-eabi/lib/thumb/v7e-m+fp/hard/libc_nano.a(libc_a-nano-svfprintf.o)
                0x0800d630                _svfprintf_r
                0x0800d630                _svfiprintf_r
 .text.malloc   0x0800d828       0x10 /Applications/STM32CubeIDE.app/Contents/Eclipse/plugins/com.st.stm32cube.ide.mcu.externaltools.gnu-tools-for-stm32.12.3.rel1.macos64_1.1.0.202410301201/tools/bin/../lib/gcc/arm-none-eabi/12.3.1/../../../../arm-none-eabi/lib/thumb/v7e-m+fp/hard/libc_nano.a(libc_a-malloc.o)
                0x0800d828                malloc
 .text.sbrk_aligned
                0x0800d838       0x44 /Applications/STM32CubeIDE.app/Contents/Eclipse/plugins/com.st.stm32cube.ide.mcu.externaltools.gnu-tools-for-stm32.12.3.rel1.macos64_1.1.0.202410301201/tools/bin/../lib/gcc/arm-none-eabi/12.3.1/../../../../arm-none-eabi/lib/thumb/v7e-m+fp/hard/libc_nano.a(libc_a-mallocr.o)
 .text._malloc_r
                0x0800d87c      0x100 /Applications/STM32CubeIDE.app/Contents/Eclipse/plugins/com.st.stm32cube.ide.mcu.externaltools.gnu-tools-for-stm32.12.3.rel1.macos64_1.1.0.202410301201/tools/bin/../lib/gcc/arm-none-eabi/12.3.1/../../../../arm-none-eabi/lib/thumb/v7e-m+fp/hard/libc_nano.a(libc_a-mallocr.o)
                0x0800d87c                _malloc_r
 .text.__sflush_r
                0x0800d97c      0x108 /Applications/STM32CubeIDE.app/Contents/Eclipse/plugins/com.st.stm32cube.ide.mcu.externaltools.gnu-tools-for-stm32.12.3.rel1.macos64_1.1.0.202410301201/tools/bin/../lib/gcc/arm-none-eabi/12.3.1/../../../../arm-none-eabi/lib/thumb/v7e-m+fp/hard/libc_nano.a(libc_a-fflush.o)
                0x0800d97c                __sflush_r
 .text._fflush_r
                0x0800da84       0x50 /Applications/STM32CubeIDE.app/Contents/Eclipse/plugins/com.st.stm32cube.ide.mcu.externaltools.gnu-tools-for-stm32.12.3.rel1.macos64_1.1.0.202410301201/tools/bin/../lib/gcc/arm-none-eabi/12.3.1/../../../../arm-none-eabi/lib/thumb/v7e-m+fp/hard/libc_nano.a(libc_a-fflush.o)
                0x0800da84                _fflush_r
 .text.__malloc_lock
                0x0800dad4        0xc /Applications/STM32CubeIDE.app/Contents/Eclipse/plugins/com.st.stm32cube.ide.mcu.externaltools.gnu-tools-for-stm32.12.3.rel1.macos64_1.1.0.202410301201/tools/bin/../lib/gcc/arm-none-eabi/12.3.1/../../../../arm-none-eabi/lib/thumb/v7e-m+fp/hard/libc_nano.a(libc_a-mlock.o)
                0x0800dad4                __malloc_lock
 .text.__malloc_unlock
                0x0800dae0        0xc /Applications/STM32CubeIDE.app/Contents/Eclipse/plugins/com.st.stm32cube.ide.mcu.externaltools.gnu-tools-for-stm32.12.3.rel1.macos64_1.1.0.202410301201/tools/bin/../lib/gcc/arm-none-eabi/12.3.1/../../../../arm-none-eabi/lib/thumb/v7e-m+fp/hard/libc_nano.a(libc_a-mlock.o)
                0x0800dae0                __malloc_unlock
 .text._Balloc  0x0800daec       0x80 /Applications/STM32CubeIDE.app/Contents/Eclipse/plugins/com.st.stm32cube.ide.mcu.externaltools.gnu-tools-for-stm32.12.3.rel1.macos64_1.1.0.202410301201/tools/bin/../lib/gcc/arm-none-eabi/12.3.1/../../../../arm-none-eabi/lib/thumb/v7e-m+fp/hard/libc_nano.a(libc_a-mprec.o)
                0x0800daec                _Balloc
 .text._Bfree   0x0800db6c       0x44 /Applications/STM32CubeIDE.app/Contents/Eclipse/plugins/com.st.stm32cube.ide.mcu.externaltools.gnu-tools-for-stm32.12.3.rel1.macos64_1.1.0.202410301201/tools/bin/../lib/gcc/arm-none-eabi/12.3.1/../../../../arm-none-eabi/lib/thumb/v7e-m+fp/hard/libc_nano.a(libc_a-mprec.o)
                0x0800db6c                _Bfree
 .text.__multadd
                0x0800dbb0       0x8c /Applications/STM32CubeIDE.app/Contents/Eclipse/plugins/com.st.stm32cube.ide.mcu.externaltools.gnu-tools-for-stm32.12.3.rel1.macos64_1.1.0.202410301201/tools/bin/../lib/gcc/arm-none-eabi/12.3.1/../../../../arm-none-eabi/lib/thumb/v7e-m+fp/hard/libc_nano.a(libc_a-mprec.o)
                0x0800dbb0                __multadd
 .text.__hi0bits
                0x0800dc3c       0x3e /Applications/STM32CubeIDE.app/Contents/Eclipse/plugins/com.st.stm32cube.ide.mcu.externaltools.gnu-tools-for-stm32.12.3.rel1.macos64_1.1.0.202410301201/tools/bin/../lib/gcc/arm-none-eabi/12.3.1/../../../../arm-none-eabi/lib/thumb/v7e-m+fp/hard/libc_nano.a(libc_a-mprec.o)
                0x0800dc3c                __hi0bits
 .text.__lo0bits
                0x0800dc7a       0x5a /Applications/STM32CubeIDE.app/Contents/Eclipse/plugins/com.st.stm32cube.ide.mcu.externaltools.gnu-tools-for-stm32.12.3.rel1.macos64_1.1.0.202410301201/tools/bin/../lib/gcc/arm-none-eabi/12.3.1/../../../../arm-none-eabi/lib/thumb/v7e-m+fp/hard/libc_nano.a(libc_a-mprec.o)
                0x0800dc7a                __lo0bits
 .text.__i2b    0x0800dcd4       0x2c /Applications/STM32CubeIDE.app/Contents/Eclipse/plugins/com.st.stm32cube.ide.mcu.externaltools.gnu-tools-for-stm32.12.3.rel1.macos64_1.1.0.202410301201/tools/bin/../lib/gcc/arm-none-eabi/12.3.1/../../../../arm-none-eabi/lib/thumb/v7e-m+fp/hard/libc_nano.a(libc_a-mprec.o)
                0x0800dcd4                __i2b
 .text.__multiply
                0x0800dd00      0x154 /Applications/STM32CubeIDE.app/Contents/Eclipse/plugins/com.st.stm32cube.ide.mcu.externaltools.gnu-tools-for-stm32.12.3.rel1.macos64_1.1.0.202410301201/tools/bin/../lib/gcc/arm-none-eabi/12.3.1/../../../../arm-none-eabi/lib/thumb/v7e-m+fp/hard/libc_nano.a(libc_a-mprec.o)
                0x0800dd00                __multiply
 .text.__pow5mult
                0x0800de54       0xb4 /Applications/STM32CubeIDE.app/Contents/Eclipse/plugins/com.st.stm32cube.ide.mcu.externaltools.gnu-tools-for-stm32.12.3.rel1.macos64_1.1.0.202410301201/tools/bin/../lib/gcc/arm-none-eabi/12.3.1/../../../../arm-none-eabi/lib/thumb/v7e-m+fp/hard/libc_nano.a(libc_a-mprec.o)
                0x0800de54                __pow5mult
 .text.__lshift
                0x0800df08       0xd8 /Applications/STM32CubeIDE.app/Contents/Eclipse/plugins/com.st.stm32cube.ide.mcu.externaltools.gnu-tools-for-stm32.12.3.rel1.macos64_1.1.0.202410301201/tools/bin/../lib/gcc/arm-none-eabi/12.3.1/../../../../arm-none-eabi/lib/thumb/v7e-m+fp/hard/libc_nano.a(libc_a-mprec.o)
                0x0800df08                __lshift
 .text.__mcmp   0x0800dfe0       0x36 /Applications/STM32CubeIDE.app/Contents/Eclipse/plugins/com.st.stm32cube.ide.mcu.externaltools.gnu-tools-for-stm32.12.3.rel1.macos64_1.1.0.202410301201/tools/bin/../lib/gcc/arm-none-eabi/12.3.1/../../../../arm-none-eabi/lib/thumb/v7e-m+fp/hard/libc_nano.a(libc_a-mprec.o)
                0x0800dfe0                __mcmp
 *fill*         0x0800e016        0x2 
 .text.__mdiff  0x0800e018      0x128 /Applications/STM32CubeIDE.app/Contents/Eclipse/plugins/com.st.stm32cube.ide.mcu.externaltools.gnu-tools-for-stm32.12.3.rel1.macos64_1.1.0.202410301201/tools/bin/../lib/gcc/arm-none-eabi/12.3.1/../../../../arm-none-eabi/lib/thumb/v7e-m+fp/hard/libc_nano.a(libc_a-mprec.o)
                0x0800e018                __mdiff
 .text.__d2b    0x0800e140       0xb0 /Applications/STM32CubeIDE.app/Contents/Eclipse/plugins/com.st.stm32cube.ide.mcu.externaltools.gnu-tools-for-stm32.12.3.rel1.macos64_1.1.0.202410301201/tools/bin/../lib/gcc/arm-none-eabi/12.3.1/../../../../arm-none-eabi/lib/thumb/v7e-m+fp/hard/libc_nano.a(libc_a-mprec.o)
                0x0800e140                __d2b
 .text.__sread  0x0800e1f0       0x22 /Applications/STM32CubeIDE.app/Contents/Eclipse/plugins/com.st.stm32cube.ide.mcu.externaltools.gnu-tools-for-stm32.12.3.rel1.macos64_1.1.0.202410301201/tools/bin/../lib/gcc/arm-none-eabi/12.3.1/../../../../arm-none-eabi/lib/thumb/v7e-m+fp/hard/libc_nano.a(libc_a-stdio.o)
                0x0800e1f0                __sread
 .text.__swrite
                0x0800e212       0x38 /Applications/STM32CubeIDE.app/Contents/Eclipse/plugins/com.st.stm32cube.ide.mcu.externaltools.gnu-tools-for-stm32.12.3.rel1.macos64_1.1.0.202410301201/tools/bin/../lib/gcc/arm-none-eabi/12.3.1/../../../../arm-none-eabi/lib/thumb/v7e-m+fp/hard/libc_nano.a(libc_a-stdio.o)
                0x0800e212                __swrite
 .text.__sseek  0x0800e24a       0x24 /Applications/STM32CubeIDE.app/Contents/Eclipse/plugins/com.st.stm32cube.ide.mcu.externaltools.gnu-tools-for-stm32.12.3.rel1.macos64_1.1.0.202410301201/tools/bin/../lib/gcc/arm-none-eabi/12.3.1/../../../../arm-none-eabi/lib/thumb/v7e-m+fp/hard/libc_nano.a(libc_a-stdio.o)
                0x0800e24a                __sseek
 .text.__sclose
                0x0800e26e        0x8 /Applications/STM32CubeIDE.app/Contents/Eclipse/plugins/com.st.stm32cube.ide.mcu.externaltools.gnu-tools-for-stm32.12.3.rel1.macos64_1.1.0.202410301201/tools/bin/../lib/gcc/arm-none-eabi/12.3.1/../../../../arm-none-eabi/lib/thumb/v7e-m+fp/hard/libc_nano.a(libc_a-stdio.o)
                0x0800e26e                __sclose
 .text._realloc_r
                0x0800e276       0x5c /Applications/STM32CubeIDE.app/Contents/Eclipse/plugins/com.st.stm32cube.ide.mcu.externaltools.gnu-tools-for-stm32.12.3.rel1.macos64_1.1.0.202410301201/tools/bin/../lib/gcc/arm-none-eabi/12.3.1/../../../../arm-none-eabi/lib/thumb/v7e-m+fp/hard/libc_nano.a(libc_a-reallocr.o)
                0x0800e276                _realloc_r
 .text.memmove  0x0800e2d2       0x34 /Applications/STM32CubeIDE.app/Contents/Eclipse/plugins/com.st.stm32cube.ide.mcu.externaltools.gnu-tools-for-stm32.12.3.rel1.macos64_1.1.0.202410301201/tools/bin/../lib/gcc/arm-none-eabi/12.3.1/../../../../arm-none-eabi/lib/thumb/v7e-m+fp/hard/libc_nano.a(libc_a-memmove.o)
                0x0800e2d2                memmove
 *fill*         0x0800e306        0x2 
 .text._close_r
                0x0800e308       0x20 /Applications/STM32CubeIDE.app/Contents/Eclipse/plugins/com.st.stm32cube.ide.mcu.externaltools.gnu-tools-for-stm32.12.3.rel1.macos64_1.1.0.202410301201/tools/bin/../lib/gcc/arm-none-eabi/12.3.1/../../../../arm-none-eabi/lib/thumb/v7e-m+fp/hard/libc_nano.a(libc_a-closer.o)
                0x0800e308                _close_r
 .text._lseek_r
                0x0800e328       0x24 /Applications/STM32CubeIDE.app/Contents/Eclipse/plugins/com.st.stm32cube.ide.mcu.externaltools.gnu-tools-for-stm32.12.3.rel1.macos64_1.1.0.202410301201/tools/bin/../lib/gcc/arm-none-eabi/12.3.1/../../../../arm-none-eabi/lib/thumb/v7e-m+fp/hard/libc_nano.a(libc_a-lseekr.o)
                0x0800e328                _lseek_r
 .text._read_r  0x0800e34c       0x24 /Applications/STM32CubeIDE.app/Contents/Eclipse/plugins/com.st.stm32cube.ide.mcu.externaltools.gnu-tools-for-stm32.12.3.rel1.macos64_1.1.0.202410301201/tools/bin/../lib/gcc/arm-none-eabi/12.3.1/../../../../arm-none-eabi/lib/thumb/v7e-m+fp/hard/libc_nano.a(libc_a-readr.o)
                0x0800e34c                _read_r
 .text._sbrk_r  0x0800e370       0x20 /Applications/STM32CubeIDE.app/Contents/Eclipse/plugins/com.st.stm32cube.ide.mcu.externaltools.gnu-tools-for-stm32.12.3.rel1.macos64_1.1.0.202410301201/tools/bin/../lib/gcc/arm-none-eabi/12.3.1/../../../../arm-none-eabi/lib/thumb/v7e-m+fp/hard/libc_nano.a(libc_a-sbrkr.o)
                0x0800e370                _sbrk_r
 .text._write_r
                0x0800e390       0x24 /Applications/STM32CubeIDE.app/Contents/Eclipse/plugins/com.st.stm32cube.ide.mcu.externaltools.gnu-tools-for-stm32.12.3.rel1.macos64_1.1.0.202410301201/tools/bin/../lib/gcc/arm-none-eabi/12.3.1/../../../../arm-none-eabi/lib/thumb/v7e-m+fp/hard/libc_nano.a(libc_a-writer.o)
                0x0800e390                _write_r
 .text.__assert_func
                0x0800e3b4       0x3c /Applications/STM32CubeIDE.app/Contents/Eclipse/plugins/com.st.stm32cube.ide.mcu.externaltools.gnu-tools-for-stm32.12.3.rel1.macos64_1.1.0.202410301201/tools/bin/../lib/gcc/arm-none-eabi/12.3.1/../../../../arm-none-eabi/lib/thumb/v7e-m+fp/hard/libc_nano.a(libc_a-assert.o)
                0x0800e3b4                __assert_func
 .text._calloc_r
                0x0800e3f0       0x28 /Applications/STM32CubeIDE.app/Contents/Eclipse/plugins/com.st.stm32cube.ide.mcu.externaltools.gnu-tools-for-stm32.12.3.rel1.macos64_1.1.0.202410301201/tools/bin/../lib/gcc/arm-none-eabi/12.3.1/../../../../arm-none-eabi/lib/thumb/v7e-m+fp/hard/libc_nano.a(libc_a-callocr.o)
                0x0800e3f0                _calloc_r
 .text._free_r  0x0800e418       0x94 /Applications/STM32CubeIDE.app/Contents/Eclipse/plugins/com.st.stm32cube.ide.mcu.externaltools.gnu-tools-for-stm32.12.3.rel1.macos64_1.1.0.202410301201/tools/bin/../lib/gcc/arm-none-eabi/12.3.1/../../../../arm-none-eabi/lib/thumb/v7e-m+fp/hard/libc_nano.a(libc_a-freer.o)
                0x0800e418                _free_r
 .text.__ascii_mbtowc
                0x0800e4ac       0x24 /Applications/STM32CubeIDE.app/Contents/Eclipse/plugins/com.st.stm32cube.ide.mcu.externaltools.gnu-tools-for-stm32.12.3.rel1.macos64_1.1.0.202410301201/tools/bin/../lib/gcc/arm-none-eabi/12.3.1/../../../../arm-none-eabi/lib/thumb/v7e-m+fp/hard/libc_nano.a(libc_a-mbtowc_r.o)
                0x0800e4ac                __ascii_mbtowc
 .text._malloc_usable_size_r
                0x0800e4d0       0x10 /Applications/STM32CubeIDE.app/Contents/Eclipse/plugins/com.st.stm32cube.ide.mcu.externaltools.gnu-tools-for-stm32.12.3.rel1.macos64_1.1.0.202410301201/tools/bin/../lib/gcc/arm-none-eabi/12.3.1/../../../../arm-none-eabi/lib/thumb/v7e-m+fp/hard/libc_nano.a(libc_a-msizer.o)
                0x0800e4d0                _malloc_usable_size_r
 .text.fprintf  0x0800e4e0       0x24 /Applications/STM32CubeIDE.app/Contents/Eclipse/plugins/com.st.stm32cube.ide.mcu.externaltools.gnu-tools-for-stm32.12.3.rel1.macos64_1.1.0.202410301201/tools/bin/../lib/gcc/arm-none-eabi/12.3.1/../../../../arm-none-eabi/lib/thumb/v7e-m+fp/hard/libc_nano.a(libc_a-fprintf.o)
                0x0800e4e0                fprintf
                0x0800e4e0                fiprintf
 .text.__ascii_wctomb
                0x0800e504       0x1a /Applications/STM32CubeIDE.app/Contents/Eclipse/plugins/com.st.stm32cube.ide.mcu.externaltools.gnu-tools-for-stm32.12.3.rel1.macos64_1.1.0.202410301201/tools/bin/../lib/gcc/arm-none-eabi/12.3.1/../../../../arm-none-eabi/lib/thumb/v7e-m+fp/hard/libc_nano.a(libc_a-wctomb_r.o)
                0x0800e504                __ascii_wctomb
 .text.abort    0x0800e51e        0xe /Applications/STM32CubeIDE.app/Contents/Eclipse/plugins/com.st.stm32cube.ide.mcu.externaltools.gnu-tools-for-stm32.12.3.rel1.macos64_1.1.0.202410301201/tools/bin/../lib/gcc/arm-none-eabi/12.3.1/../../../../arm-none-eabi/lib/thumb/v7e-m+fp/hard/libc_nano.a(libc_a-abort.o)
                0x0800e51e                abort
 .text.__sfputc_r
                0x0800e52c       0x2e /Applications/STM32CubeIDE.app/Contents/Eclipse/plugins/com.st.stm32cube.ide.mcu.externaltools.gnu-tools-for-stm32.12.3.rel1.macos64_1.1.0.202410301201/tools/bin/../lib/gcc/arm-none-eabi/12.3.1/../../../../arm-none-eabi/lib/thumb/v7e-m+fp/hard/libc_nano.a(libc_a-nano-vfprintf.o)
 .text.__sfputs_r
                0x0800e55a       0x24 /Applications/STM32CubeIDE.app/Contents/Eclipse/plugins/com.st.stm32cube.ide.mcu.externaltools.gnu-tools-for-stm32.12.3.rel1.macos64_1.1.0.202410301201/tools/bin/../lib/gcc/arm-none-eabi/12.3.1/../../../../arm-none-eabi/lib/thumb/v7e-m+fp/hard/libc_nano.a(libc_a-nano-vfprintf.o)
                0x0800e55a                __sfputs_r
 *fill*         0x0800e57e        0x2 
 .text._vfprintf_r
                0x0800e580      0x230 /Applications/STM32CubeIDE.app/Contents/Eclipse/plugins/com.st.stm32cube.ide.mcu.externaltools.gnu-tools-for-stm32.12.3.rel1.macos64_1.1.0.202410301201/tools/bin/../lib/gcc/arm-none-eabi/12.3.1/../../../../arm-none-eabi/lib/thumb/v7e-m+fp/hard/libc_nano.a(libc_a-nano-vfprintf.o)
                0x0800e580                _vfiprintf_r
                0x0800e580                _vfprintf_r
 .text.__swbuf_r
                0x0800e7b0       0x7c /Applications/STM32CubeIDE.app/Contents/Eclipse/plugins/com.st.stm32cube.ide.mcu.externaltools.gnu-tools-for-stm32.12.3.rel1.macos64_1.1.0.202410301201/tools/bin/../lib/gcc/arm-none-eabi/12.3.1/../../../../arm-none-eabi/lib/thumb/v7e-m+fp/hard/libc_nano.a(libc_a-wbuf.o)
                0x0800e7b0                __swbuf_r
 .text.__swsetup_r
                0x0800e82c       0xac /Applications/STM32CubeIDE.app/Contents/Eclipse/plugins/com.st.stm32cube.ide.mcu.externaltools.gnu-tools-for-stm32.12.3.rel1.macos64_1.1.0.202410301201/tools/bin/../lib/gcc/arm-none-eabi/12.3.1/../../../../arm-none-eabi/lib/thumb/v7e-m+fp/hard/libc_nano.a(libc_a-wsetup.o)
                0x0800e82c                __swsetup_r
 .text.__swhatbuf_r
                0x0800e8d8       0x4c /Applications/STM32CubeIDE.app/Contents/Eclipse/plugins/com.st.stm32cube.ide.mcu.externaltools.gnu-tools-for-stm32.12.3.rel1.macos64_1.1.0.202410301201/tools/bin/../lib/gcc/arm-none-eabi/12.3.1/../../../../arm-none-eabi/lib/thumb/v7e-m+fp/hard/libc_nano.a(libc_a-makebuf.o)
                0x0800e8d8                __swhatbuf_r
 .text.__smakebuf_r
                0x0800e924       0x78 /Applications/STM32CubeIDE.app/Contents/Eclipse/plugins/com.st.stm32cube.ide.mcu.externaltools.gnu-tools-for-stm32.12.3.rel1.macos64_1.1.0.202410301201/tools/bin/../lib/gcc/arm-none-eabi/12.3.1/../../../../arm-none-eabi/lib/thumb/v7e-m+fp/hard/libc_nano.a(libc_a-makebuf.o)
                0x0800e924                __smakebuf_r
 .text._fstat_r
                0x0800e99c       0x24 /Applications/STM32CubeIDE.app/Contents/Eclipse/plugins/com.st.stm32cube.ide.mcu.externaltools.gnu-tools-for-stm32.12.3.rel1.macos64_1.1.0.202410301201/tools/bin/../lib/gcc/arm-none-eabi/12.3.1/../../../../arm-none-eabi/lib/thumb/v7e-m+fp/hard/libc_nano.a(libc_a-fstatr.o)
                0x0800e99c                _fstat_r
 .text._isatty_r
                0x0800e9c0       0x20 /Applications/STM32CubeIDE.app/Contents/Eclipse/plugins/com.st.stm32cube.ide.mcu.externaltools.gnu-tools-for-stm32.12.3.rel1.macos64_1.1.0.202410301201/tools/bin/../lib/gcc/arm-none-eabi/12.3.1/../../../../arm-none-eabi/lib/thumb/v7e-m+fp/hard/libc_nano.a(libc_a-isattyr.o)
                0x0800e9c0                _isatty_r
 .text._raise_r
                0x0800e9e0       0x50 /Applications/STM32CubeIDE.app/Contents/Eclipse/plugins/com.st.stm32cube.ide.mcu.externaltools.gnu-tools-for-stm32.12.3.rel1.macos64_1.1.0.202410301201/tools/bin/../lib/gcc/arm-none-eabi/12.3.1/../../../../arm-none-eabi/lib/thumb/v7e-m+fp/hard/libc_nano.a(libc_a-signal.o)
                0x0800e9e0                _raise_r
 .text.raise    0x0800ea30       0x10 /Applications/STM32CubeIDE.app/Contents/Eclipse/plugins/com.st.stm32cube.ide.mcu.externaltools.gnu-tools-for-stm32.12.3.rel1.macos64_1.1.0.202410301201/tools/bin/../lib/gcc/arm-none-eabi/12.3.1/../../../../arm-none-eabi/lib/thumb/v7e-m+fp/hard/libc_nano.a(libc_a-signal.o)
                0x0800ea30                raise
 .text._kill_r  0x0800ea40       0x24 /Applications/STM32CubeIDE.app/Contents/Eclipse/plugins/com.st.stm32cube.ide.mcu.externaltools.gnu-tools-for-stm32.12.3.rel1.macos64_1.1.0.202410301201/tools/bin/../lib/gcc/arm-none-eabi/12.3.1/../../../../arm-none-eabi/lib/thumb/v7e-m+fp/hard/libc_nano.a(libc_a-signalr.o)
                0x0800ea40                _kill_r
 .text._getpid_r
                0x0800ea64        0x4 /Applications/STM32CubeIDE.app/Contents/Eclipse/plugins/com.st.stm32cube.ide.mcu.externaltools.gnu-tools-for-stm32.12.3.rel1.macos64_1.1.0.202410301201/tools/bin/../lib/gcc/arm-none-eabi/12.3.1/../../../../arm-none-eabi/lib/thumb/v7e-m+fp/hard/libc_nano.a(libc_a-signalr.o)
                0x0800ea64                _getpid_r
 .text.fmodf    0x0800ea68       0x40 /Applications/STM32CubeIDE.app/Contents/Eclipse/plugins/com.st.stm32cube.ide.mcu.externaltools.gnu-tools-for-stm32.12.3.rel1.macos64_1.1.0.202410301201/tools/bin/../lib/gcc/arm-none-eabi/12.3.1/../../../../arm-none-eabi/lib/thumb/v7e-m+fp/hard/libm.a(libm_a-wf_fmod.o)
                0x0800ea68                fmodf
 .text.__ieee754_fmodf
                0x0800eaa8      0x104 /Applications/STM32CubeIDE.app/Contents/Eclipse/plugins/com.st.stm32cube.ide.mcu.externaltools.gnu-tools-for-stm32.12.3.rel1.macos64_1.1.0.202410301201/tools/bin/../lib/gcc/arm-none-eabi/12.3.1/../../../../arm-none-eabi/lib/thumb/v7e-m+fp/hard/libm.a(libm_a-ef_fmod.o)
                0x0800eaa8                __ieee754_fmodf
 *(.glue_7)
 .glue_7        0x0800ebac        0x0 linker stubs
 *(.glue_7t)
 .glue_7t       0x0800ebac        0x0 linker stubs
 *(.eh_frame)
 .eh_frame      0x0800ebac        0x0 /Applications/STM32CubeIDE.app/Contents/Eclipse/plugins/com.st.stm32cube.ide.mcu.externaltools.gnu-tools-for-stm32.12.3.rel1.macos64_1.1.0.202410301201/tools/bin/../lib/gcc/arm-none-eabi/12.3.1/thumb/v7e-m+fp/hard/crtbegin.o
 *(.init)
 .init          0x0800ebac        0x4 /Applications/STM32CubeIDE.app/Contents/Eclipse/plugins/com.st.stm32cube.ide.mcu.externaltools.gnu-tools-for-stm32.12.3.rel1.macos64_1.1.0.202410301201/tools/bin/../lib/gcc/arm-none-eabi/12.3.1/thumb/v7e-m+fp/hard/crti.o
                0x0800ebac                _init
 .init          0x0800ebb0        0x8 /Applications/STM32CubeIDE.app/Contents/Eclipse/plugins/com.st.stm32cube.ide.mcu.externaltools.gnu-tools-for-stm32.12.3.rel1.macos64_1.1.0.202410301201/tools/bin/../lib/gcc/arm-none-eabi/12.3.1/thumb/v7e-m+fp/hard/crtn.o
 *(.fini)
 .fini          0x0800ebb8        0x4 /Applications/STM32CubeIDE.app/Contents/Eclipse/plugins/com.st.stm32cube.ide.mcu.externaltools.gnu-tools-for-stm32.12.3.rel1.macos64_1.1.0.202410301201/tools/bin/../lib/gcc/arm-none-eabi/12.3.1/thumb/v7e-m+fp/hard/crti.o
                0x0800ebb8                _fini
 .fini          0x0800ebbc        0x8 /Applications/STM32CubeIDE.app/Contents/Eclipse/plugins/com.st.stm32cube.ide.mcu.externaltools.gnu-tools-for-stm32.12.3.rel1.macos64_1.1.0.202410301201/tools/bin/../lib/gcc/arm-none-eabi/12.3.1/thumb/v7e-m+fp/hard/crtn.o
                0x0800ebc4                        . = ALIGN (0x4)
                0x0800ebc4                        _etext = .

.vfp11_veneer   0x0800ebc4        0x0
 .vfp11_veneer  0x0800ebc4        0x0 linker stubs

.v4_bx          0x0800ebc4        0x0
 .v4_bx         0x0800ebc4        0x0 linker stubs

.iplt           0x0800ebc4        0x0
 .iplt          0x0800ebc4        0x0 /Applications/STM32CubeIDE.app/Contents/Eclipse/plugins/com.st.stm32cube.ide.mcu.externaltools.gnu-tools-for-stm32.12.3.rel1.macos64_1.1.0.202410301201/tools/bin/../lib/gcc/arm-none-eabi/12.3.1/thumb/v7e-m+fp/hard/crtbegin.o

.rodata         0x0800ebc8      0xfe0
                0x0800ebc8                        . = ALIGN (0x4)
 *(.rodata)
 .rodata        0x0800ebc8       0xc7 ./Core/Src/main.o
 *fill*         0x0800ec8f        0x1 
 .rodata        0x0800ec90        0x5 ./Middlewares/Third_Party/FreeRTOS/Source/tasks.o
 *fill*         0x0800ec95        0x3 
 .rodata        0x0800ec98        0xd ./Middlewares/Third_Party/FreeRTOS/Source/timers.o
 *(.rodata*)
 *fill*         0x0800eca5        0x3 
 .rodata.defaultTask_attributes
                0x0800eca8       0x24 ./Core/Src/main.o
                0x0800eca8                defaultTask_attributes
 .rodata.Command_Task_attributes
                0x0800eccc       0x24 ./Core/Src/main.o
                0x0800eccc                Command_Task_attributes
 .rodata.IMU_Task_attributes
                0x0800ecf0       0x24 ./Core/Src/main.o
                0x0800ecf0                IMU_Task_attributes
 .rodata.PID_Task_attributes
                0x0800ed14       0x24 ./Core/Src/main.o
                0x0800ed14                PID_Task_attributes
 .rodata.UltrasonicTask_attributes
                0x0800ed38       0x24 ./Core/Src/main.o
                0x0800ed38                UltrasonicTask_attributes
 .rodata.HeadingPID_attributes
                0x0800ed5c       0x24 ./Core/Src/main.o
                0x0800ed5c                HeadingPID_attributes
 .rodata.IRSensorTask_attributes
                0x0800ed80       0x24 ./Core/Src/main.o
                0x0800ed80                IRSensorTask_attributes
 .rodata.headingMutex_attributes
                0x0800eda4       0x10 ./Core/Src/main.o
                0x0800eda4                headingMutex_attributes
 .rodata.oled_asc2_1206
                0x0800edb4      0x474 ./Core/Src/oled.o
                0x0800edb4                oled_asc2_1206
 .rodata.oled_asc2_1608
                0x0800f228      0x5f0 ./Core/Src/oled.o
                0x0800f228                oled_asc2_1608
 .rodata.AHBPrescTable
                0x0800f818       0x10 ./Core/Src/system_stm32f4xx.o
                0x0800f818                AHBPrescTable
 .rodata.APBPrescTable
                0x0800f828        0x8 ./Core/Src/system_stm32f4xx.o
                0x0800f828                APBPrescTable
 .rodata._printf_float.str1.1
                0x0800f830       0x12 /Applications/STM32CubeIDE.app/Contents/Eclipse/plugins/com.st.stm32cube.ide.mcu.externaltools.gnu-tools-for-stm32.12.3.rel1.macos64_1.1.0.202410301201/tools/bin/../lib/gcc/arm-none-eabi/12.3.1/../../../../arm-none-eabi/lib/thumb/v7e-m+fp/hard/libc_nano.a(libc_a-nano-vfprintf_float.o)
 .rodata._printf_i.str1.1
                0x0800f842       0x22 /Applications/STM32CubeIDE.app/Contents/Eclipse/plugins/com.st.stm32cube.ide.mcu.externaltools.gnu-tools-for-stm32.12.3.rel1.macos64_1.1.0.202410301201/tools/bin/../lib/gcc/arm-none-eabi/12.3.1/../../../../arm-none-eabi/lib/thumb/v7e-m+fp/hard/libc_nano.a(libc_a-nano-vfprintf_i.o)
 .rodata._ctype_
                0x0800f864      0x101 /Applications/STM32CubeIDE.app/Contents/Eclipse/plugins/com.st.stm32cube.ide.mcu.externaltools.gnu-tools-for-stm32.12.3.rel1.macos64_1.1.0.202410301201/tools/bin/../lib/gcc/arm-none-eabi/12.3.1/../../../../arm-none-eabi/lib/thumb/v7e-m+fp/hard/libc_nano.a(libc_a-ctype_.o)
                0x0800f864                _ctype_
 .rodata._dtoa_r.str1.1
                0x0800f965       0x8d /Applications/STM32CubeIDE.app/Contents/Eclipse/plugins/com.st.stm32cube.ide.mcu.externaltools.gnu-tools-for-stm32.12.3.rel1.macos64_1.1.0.202410301201/tools/bin/../lib/gcc/arm-none-eabi/12.3.1/../../../../arm-none-eabi/lib/thumb/v7e-m+fp/hard/libc_nano.a(libc_a-dtoa.o)
                                 0x8f (size before relaxing)
 .rodata._svfprintf_r.str1.1
                0x0800f9f2       0x11 /Applications/STM32CubeIDE.app/Contents/Eclipse/plugins/com.st.stm32cube.ide.mcu.externaltools.gnu-tools-for-stm32.12.3.rel1.macos64_1.1.0.202410301201/tools/bin/../lib/gcc/arm-none-eabi/12.3.1/../../../../arm-none-eabi/lib/thumb/v7e-m+fp/hard/libc_nano.a(libc_a-nano-svfprintf.o)
 .rodata._Balloc.str1.1